Archive member included to satisfy reference by file (symbol)

C:/devkitPro/libgba/lib\libmm.a(mm_mas.o)
                              bn_hw_audio.bn_noflto.o (mmStart)
C:/devkitPro/libgba/lib\libmm.a(mm_main.o)
                              C:/devkitPro/libgba/lib\libmm.a(mm_mas.o) (mmCallback)
C:/devkitPro/libgba/lib\libmm.a(mm_effect.o)
                              bn_hw_audio.bn_noflto.o (mmEffect)
C:/devkitPro/libgba/lib\libmm.a(mm_mas_arm.o)
                              C:/devkitPro/libgba/lib\libmm.a(mm_mas.o) (mmAllocChannel)
C:/devkitPro/libgba/lib\libmm.a(mm_mixer_gba.o)
                              bn_hw_audio.bn_noflto.o (mmVBlank)
C:/devkitPro/libgba/lib\libmm.a(mm_main_gba.o)
                              C:/devkitPro/libgba/lib\libmm.a(mm_mixer_gba.o) (mm_vblank_function)
c:/devkitpro/devkitarm/bin/../lib/gcc/arm-none-eabi/12.1.0/thumb\libgcc.a(_call_via_rX.o)
                              C:/devkitPro/libgba/lib\libmm.a(mm_main_gba.o) (_call_via_r1)
c:/devkitpro/devkitarm/bin/../lib/gcc/arm-none-eabi/12.1.0/thumb\libgcc.a(_aeabi_ldivmod.o)
                              bn_hw_text.o (__aeabi_ldivmod)
c:/devkitpro/devkitarm/bin/../lib/gcc/arm-none-eabi/12.1.0/thumb\libgcc.a(_aeabi_uldivmod.o)
                              bn_hw_text.o (__aeabi_uldivmod)
c:/devkitpro/devkitarm/bin/../lib/gcc/arm-none-eabi/12.1.0/thumb\libgcc.a(_udivmoddi4.o)
                              c:/devkitpro/devkitarm/bin/../lib/gcc/arm-none-eabi/12.1.0/thumb\libgcc.a(_aeabi_ldivmod.o) (__udivmoddi4)
c:/devkitpro/devkitarm/bin/../lib/gcc/arm-none-eabi/12.1.0/../../../../arm-none-eabi/lib/thumb\libg.a(lib_a-init.o)
                              c:/devkitpro/devkitarm/bin/../lib/gcc/arm-none-eabi/12.1.0/../../../../arm-none-eabi/lib/thumb/gba_crt0.o (__libc_init_array)
c:/devkitpro/devkitarm/bin/../lib/gcc/arm-none-eabi/12.1.0/../../../../arm-none-eabi/lib/thumb\libsysbase.a(malloc_vars.o)
                              c:/devkitpro/devkitarm/bin/../lib/gcc/arm-none-eabi/12.1.0/../../../../arm-none-eabi/lib/thumb/gba_crt0.o (fake_heap_end)

Discarded input sections

 .text          0x0000000000000000        0x0 c:/devkitpro/devkitarm/bin/../lib/gcc/arm-none-eabi/12.1.0/../../../../arm-none-eabi/lib/thumb/gba_crt0.o
 .data          0x0000000000000000        0x0 c:/devkitpro/devkitarm/bin/../lib/gcc/arm-none-eabi/12.1.0/../../../../arm-none-eabi/lib/thumb/gba_crt0.o
 .bss           0x0000000000000000        0x0 c:/devkitpro/devkitarm/bin/../lib/gcc/arm-none-eabi/12.1.0/../../../../arm-none-eabi/lib/thumb/gba_crt0.o
 .text          0x0000000000000000        0x0 c:/devkitpro/devkitarm/bin/../lib/gcc/arm-none-eabi/12.1.0/thumb/crti.o
 .data          0x0000000000000000        0x0 c:/devkitpro/devkitarm/bin/../lib/gcc/arm-none-eabi/12.1.0/thumb/crti.o
 .bss           0x0000000000000000        0x0 c:/devkitpro/devkitarm/bin/../lib/gcc/arm-none-eabi/12.1.0/thumb/crti.o
 .text          0x0000000000000000        0x0 c:/devkitpro/devkitarm/bin/../lib/gcc/arm-none-eabi/12.1.0/thumb/crtbegin.o
 .data          0x0000000000000000        0x0 c:/devkitpro/devkitarm/bin/../lib/gcc/arm-none-eabi/12.1.0/thumb/crtbegin.o
 .bss           0x0000000000000000        0x0 c:/devkitpro/devkitarm/bin/../lib/gcc/arm-none-eabi/12.1.0/thumb/crtbegin.o
 .rodata.all_implied_fbits
                0x0000000000000000       0x24 c:/devkitpro/devkitarm/bin/../lib/gcc/arm-none-eabi/12.1.0/thumb/crtbegin.o
 .data.__dso_handle
                0x0000000000000000        0x4 c:/devkitpro/devkitarm/bin/../lib/gcc/arm-none-eabi/12.1.0/thumb/crtbegin.o
 .text          0x0000000000000000        0x0 _bn_audio_soundbank.bin.o
 .data          0x0000000000000000        0x0 _bn_audio_soundbank.bin.o
 .bss           0x0000000000000000        0x0 _bn_audio_soundbank.bin.o
 .text          0x0000000000000000        0x0 fixed_32x64_font_bn_gfx.o
 .data          0x0000000000000000        0x0 fixed_32x64_font_bn_gfx.o
 .bss           0x0000000000000000        0x0 fixed_32x64_font_bn_gfx.o
 .text          0x0000000000000000        0x0 variable_8x16_font_blue_bn_gfx.o
 .data          0x0000000000000000        0x0 variable_8x16_font_blue_bn_gfx.o
 .bss           0x0000000000000000        0x0 variable_8x16_font_blue_bn_gfx.o
 .text          0x0000000000000000        0x0 variable_8x16_font_red_bn_gfx.o
 .data          0x0000000000000000        0x0 variable_8x16_font_red_bn_gfx.o
 .bss           0x0000000000000000        0x0 variable_8x16_font_red_bn_gfx.o
 .text          0x0000000000000000        0x0 variable_8x16_font_yellow_bn_gfx.o
 .data          0x0000000000000000        0x0 variable_8x16_font_yellow_bn_gfx.o
 .bss           0x0000000000000000        0x0 variable_8x16_font_yellow_bn_gfx.o
 .text          0x0000000000000000        0x0 common_fixed_8x16_font_bn_gfx.o
 .data          0x0000000000000000        0x0 common_fixed_8x16_font_bn_gfx.o
 .bss           0x0000000000000000        0x0 common_fixed_8x16_font_bn_gfx.o
[...]
Memory Configuration

Name             Origin             Length             Attributes
rom              0x0000000008000000 0x0000000002000000
iwram            0x0000000003000000 0x0000000000008000
ewram            0x0000000002000000 0x0000000000040000
*default*        0x0000000000000000 0xffffffffffffffff

Linker script and memory map

                0x0000000008000000                __text_start = ORIGIN (rom)
                0x0000000002040000                __eheap_end = (ORIGIN (ewram) + LENGTH (ewram))
                0x0000000003000000                __iwram_start = ORIGIN (iwram)
                0x0000000003008000                __iwram_top = (ORIGIN (iwram) + LENGTH (iwram))
                0x0000000003007fa0                __sp_irq = (__iwram_top - 0x60)
                0x0000000003007f00                __sp_usr = (__sp_irq - 0xa0)
                0x0000000003007ff8                __irq_flags = 0x3007ff8
                0x0000000008000000                . = __text_start

.crt0           0x0000000008000000      0x210
 *(.crt0)
 .crt0          0x0000000008000000      0x210 c:/devkitpro/devkitarm/bin/../lib/gcc/arm-none-eabi/12.1.0/../../../../arm-none-eabi/lib/thumb/gba_crt0.o
                0x0000000008000000                _start
                0x00000000080000c4                __boot_method
                0x00000000080000c5                __slave_number
                0x00000000080000e0                start_vector
                0x0000000008000210                . = ALIGN (0x4)

.init           0x0000000008000210        0xc
 *(SORT_NONE(.init))
 .init          0x0000000008000210        0x4 c:/devkitpro/devkitarm/bin/../lib/gcc/arm-none-eabi/12.1.0/thumb/crti.o
                0x0000000008000210                _init
 .init          0x0000000008000214        0x8 c:/devkitpro/devkitarm/bin/../lib/gcc/arm-none-eabi/12.1.0/thumb/crtn.o

.plt            0x000000000800021c        0x0
 *(.plt)
                0x000000000800021c                . = ALIGN (0x4)

.text           0x0000000008000220    0x137c8
 *(EXCLUDE_FILE(*.iwram*) .text*)
 .text.__do_global_dtors_aux
                0x0000000008000220       0x2c c:/devkitpro/devkitarm/bin/../lib/gcc/arm-none-eabi/12.1.0/thumb/crtbegin.o
 .text.frame_dummy
                0x000000000800024c       0x24 c:/devkitpro/devkitarm/bin/../lib/gcc/arm-none-eabi/12.1.0/thumb/crtbegin.o
 .text._ZN12_GLOBAL__N_115huge_text_sceneEv
                0x0000000008000270      0x100 main.o
 .text._ZN12_GLOBAL__N_117text_colors_sceneEv
                0x0000000008000370      0x144 main.o
 .text._ZN12_GLOBAL__N_116text_fonts_sceneEv
                0x00000000080004b4      0x17c main.o
 .text._ZN12_GLOBAL__N_131sprite_per_character_text_sceneEv
                0x0000000008000630      0x260 main.o
 .text.startup.main
                0x0000000008000890      0x2dc main.o
                0x0000000008000890                main
 .text._ZN3_bn6assert9show_argsIA16_ciEEvPKcS4_S4_iRKT_RKT0_
                0x0000000008000b6c       0x58 common_info.o
                0x0000000008000b6c                void _bn::assert::show_args<char [16], int>(char const*, char const*, char const*, int, char const (&) [16], int const&)
 .text._ZN3_bn6assert9show_argsIA15_ciEEvPKcS4_S4_iRKT_RKT0_
                0x0000000008000bc4       0x58 common_stats.o
                0x0000000008000bc4                void _bn::assert::show_args<char [15], int>(char const*, char const*, char const*, int, char const (&) [15], int const&)
 .text._ZN2bn13audio_manager4initEPFvvES2_
                0x0000000008000c1c        0xc bn_audio_manager.o
                0x0000000008000c1c                bn::audio_manager::init(void (*)(), void (*)())
 .text._ZN2bn13audio_manager7disableEv
                0x0000000008000c28        0xc bn_audio_manager.o
                0x0000000008000c28                bn::audio_manager::disable()
 .text._ZN2bn13audio_manager22disable_vblank_handlerEv
                0x0000000008000c34        0xc bn_audio_manager.o
                0x0000000008000c34                bn::audio_manager::disable_vblank_handler()
 .text._ZN2bn13audio_manager6commitEv
                0x0000000008000c40        0xc bn_audio_manager.o
                0x0000000008000c40                bn::audio_manager::commit()
 .text._ZN3_bn6assert9show_argsIA18_ciEEvPKcS4_S4_iRKT_RKT0_
                0x0000000008000c4c       0x58 bn_audio_manager.o
                0x0000000008000c4c                void _bn::assert::show_args<char [18], int>(char const*, char const*, char const*, int, char const (&) [18], int const&)
 .text._ZN3_bn6assert9show_argsIA14_ciEEvPKcS4_S4_iRKT_RKT0_
                0x0000000008000ca4       0x58 bn_audio_manager.o
                0x0000000008000ca4                void _bn::assert::show_args<char [14], int>(char const*, char const*, char const*, int, char const (&) [14], int const&)
 .text._ZN2bn13audio_manager6updateEv
                0x0000000008000cfc      0x180 bn_audio_manager.o
                0x0000000008000cfc                bn::audio_manager::update()
 .text._ZN3_bn6assert9show_argsIA26_ciEEvPKcS4_S4_iRKT_RKT0_
                0x0000000008000e7c       0x58 bn_audio_manager.o
                0x0000000008000e7c                void _bn::assert::show_args<char [26], int>(char const*, char const*, char const*, int, char const (&) [26], int const&)
 .text._ZN3_bn6assert9show_argsIA33_cEEvPKcS4_S4_iRKT_
                0x0000000008000ed4       0x50 bn_audio_manager.o
                0x0000000008000ed4                void _bn::assert::show_args<char [33]>(char const*, char const*, char const*, int, char const (&) [33])
 .text._ZN3_bn6assert9show_argsIA25_cEEvPKcS4_S4_iRKT_
                0x0000000008000f24       0x50 bn_audio_manager.o
                0x0000000008000f24                void _bn::assert::show_args<char [25]>(char const*, char const*, char const*, int, char const (&) [25])
 .text._ZN2bn13audio_manager10stop_musicEv
                0x0000000008000f74       0x70 bn_audio_manager.o
                0x0000000008000f74                bn::audio_manager::stop_music()
 .text._ZN2bn13audio_manager4stopEv
                0x0000000008000fe4       0x5c bn_audio_manager.o
                0x0000000008000fe4                bn::audio_manager::stop()
 .text._ZN3_bn6assert9show_argsIA24_cEEvPKcS4_S4_iRKT_
                0x0000000008001040       0x50 bn_audio_manager.o
                0x0000000008001040                void _bn::assert::show_args<char [24]>(char const*, char const*, char const*, int, char const (&) [24])
 .text.startup._GLOBAL__sub_I__ZN2bn5audio16update_on_vblankEv
                0x0000000008001090       0x30 bn_audio_manager.o
 .text._ZN2bn19ibest_fit_allocatorC2ERNS_5ilistINS0_9item_typeEEERNS_7ivectorINS3_8iteratorEEE
                0x00000000080010c0        0x8 bn_best_fit_allocator.o
                0x00000000080010c0                bn::ibest_fit_allocator::ibest_fit_allocator(bn::ilist<bn::ibest_fit_allocator::item_type>&, bn::ivector<bn::ilist<bn::ibest_fit_allocator::item_type>::iterator>&)
                0x00000000080010c0                bn::ibest_fit_allocator::ibest_fit_allocator(bn::ilist<bn::ibest_fit_allocator::item_type>&, bn::ivector<bn::ilist<bn::ibest_fit_allocator::item_type>::iterator>&)
 .text._ZN3_bn6assert9show_argsIA18_cEEvPKcS4_S4_iRKT_
                0x00000000080010c8       0x50 bn_best_fit_allocator.o
                0x00000000080010c8                void _bn::assert::show_args<char [18]>(char const*, char const*, char const*, int, char const (&) [18])
 .text._ZN2bn19ibest_fit_allocatorD2Ev
                0x0000000008001118       0x34 bn_best_fit_allocator.o
                0x0000000008001118                bn::ibest_fit_allocator::~ibest_fit_allocator()
                0x0000000008001118                bn::ibest_fit_allocator::~ibest_fit_allocator()
 .text._ZN3_bn6assert9show_argsIA20_ciEEvPKcS4_S4_iRKT_RKT0_
                0x000000000800114c       0x58 bn_best_fit_allocator.o
                0x000000000800114c                void _bn::assert::show_args<char [20], int>(char const*, char const*, char const*, int, char const (&) [20], int const&)
 .text._ZN3_bn6assert9show_argsIA14_cEEvPKcS4_S4_iRKT_
                0x00000000080011a4       0x50 bn_best_fit_allocator.o
                0x00000000080011a4                void _bn::assert::show_args<char [14]>(char const*, char const*, char const*, int, char const (&) [14])
 .text._ZN3_bn6assert9show_argsIA21_cEEvPKcS4_S4_iRKT_
                0x00000000080011f4       0x50 bn_best_fit_allocator.o
                0x00000000080011f4                void _bn::assert::show_args<char [21]>(char const*, char const*, char const*, int, char const (&) [21])
 .text._ZN3_bn6assert9show_argsIA19_cEEvPKcS4_S4_iRKT_
                0x0000000008001244       0x50 bn_best_fit_allocator.o
                0x0000000008001244                void _bn::assert::show_args<char [19]>(char const*, char const*, char const*, int, char const (&) [19])
 .text._ZN3_bn6assert9show_argsIA13_cEEvPKcS4_S4_iRKT_
                0x0000000008001294       0x50 bn_best_fit_allocator.o
                0x0000000008001294                void _bn::assert::show_args<char [13]>(char const*, char const*, char const*, int, char const (&) [13])
 .text._ZN3_bn6assert9show_argsIA16_cEEvPKcS4_S4_iRKT_
                0x00000000080012e4       0x50 bn_best_fit_allocator.o
                0x00000000080012e4                void _bn::assert::show_args<char [16]>(char const*, char const*, char const*, int, char const (&) [16])
 .text._ZN3_bn6assert9show_argsIA17_cEEvPKcS4_S4_iRKT_
                0x0000000008001334       0x50 bn_best_fit_allocator.o
                0x0000000008001334                void _bn::assert::show_args<char [17]>(char const*, char const*, char const*, int, char const (&) [17])
 .text._ZN3_bn6assert9show_argsIA15_cEEvPKcS4_S4_iRKT_
                0x0000000008001384       0x50 bn_best_fit_allocator.o
                0x0000000008001384                void _bn::assert::show_args<char [15]>(char const*, char const*, char const*, int, char const (&) [15])
 .text._ZN2bn19ibest_fit_allocator5_initEPvi
                0x00000000080013d4      0x120 bn_best_fit_allocator.o
                0x00000000080013d4                bn::ibest_fit_allocator::_init(void*, int)
 .text._ZN2bn13ostringstream11append_argsIiJA4_ciEEEvRKT_DpRKT0_.isra.0
                0x00000000080014f4       0x24 bn_bg_blocks_manager.o
 .text._ZN2bn17bg_blocks_manager15decrease_usagesEi.part.0
                0x0000000008001518       0xc0 bn_bg_blocks_manager.o
 .text._ZNK2bn18regular_bg_map_ptr2idEv
                0x00000000080015d8       0x18 bn_bg_blocks_manager.o
                0x00000000080015d8                bn::regular_bg_map_ptr::id() const
 .text._ZNK2bn18regular_bg_map_ptr10dimensionsEv
                0x00000000080015f0       0x20 bn_bg_blocks_manager.o
                0x00000000080015f0                bn::regular_bg_map_ptr::dimensions() const
 .text._ZNK2bn20regular_bg_tiles_ptr3cbbEv
                0x0000000008001610       0x18 bn_bg_blocks_manager.o
                0x0000000008001610                bn::regular_bg_tiles_ptr::cbb() const
 .text._ZNK2bn17affine_bg_map_ptr2idEv
                0x0000000008001628       0x18 bn_bg_blocks_manager.o
                0x0000000008001628                bn::affine_bg_map_ptr::id() const
 .text._ZNK2bn17affine_bg_map_ptr10dimensionsEv
                0x0000000008001640       0x20 bn_bg_blocks_manager.o
                0x0000000008001640                bn::affine_bg_map_ptr::dimensions() const
 .text._ZNK2bn19affine_bg_tiles_ptr3cbbEv
                0x0000000008001660       0x18 bn_bg_blocks_manager.o
                0x0000000008001660                bn::affine_bg_tiles_ptr::cbb() const
 .text._ZN2bn17bg_blocks_manager11must_commitEi
                0x0000000008001678       0x18 bn_bg_blocks_manager.o
                0x0000000008001678                bn::bg_blocks_manager::must_commit(int)
 .text._ZN3_bn6assert9show_argsIA27_ciEEvPKcS4_S4_iRKT_RKT0_
                0x0000000008001690       0x58 bn_bg_blocks_manager.o
                0x0000000008001690                void _bn::assert::show_args<char [27], int>(char const*, char const*, char const*, int, char const (&) [27], int const&)
 .text._ZN3_bn6assert9show_argsIJA16_ciA4_ciEEEvPKcS5_S5_iDpRKT_
                0x00000000080016e8       0x5c bn_bg_blocks_manager.o
                0x00000000080016e8                void _bn::assert::show_args<char [16], int, char [4], int>(char const*, char const*, char const*, int, char const (&) [16], int const&, char const (&) [4], int const&)
 .text._ZN3_bn6assert9show_argsIJA22_ciA4_ciEEEvPKcS5_S5_iDpRKT_
                0x0000000008001744       0x5c bn_bg_blocks_manager.o
                0x0000000008001744                void _bn::assert::show_args<char [22], int, char [4], int>(char const*, char const*, char const*, int, char const (&) [22], int const&, char const (&) [4], int const&)
 .text._ZN3_bn6assert9show_argsIJA58_ciA4_ciEEEvPKcS5_S5_iDpRKT_
                0x00000000080017a0       0x5c bn_bg_blocks_manager.o
                0x00000000080017a0                void _bn::assert::show_args<char [58], int, char [4], int>(char const*, char const*, char const*, int, char const (&) [58], int const&, char const (&) [4], int const&)
 .text._ZN3_bn6assert9show_argsIA22_ciEEvPKcS4_S4_iRKT_RKT0_
                0x00000000080017fc       0x58 bn_bg_blocks_manager.o
                0x00000000080017fc                void _bn::assert::show_args<char [22], int>(char const*, char const*, char const*, int, char const (&) [22], int const&)
 .text._ZN3_bn6assert9show_argsIA22_cEEvPKcS4_S4_iRKT_
                0x0000000008001854       0x50 bn_bg_blocks_manager.o
                0x0000000008001854                void _bn::assert::show_args<char [22]>(char const*, char const*, char const*, int, char const (&) [22])
 .text._ZNK2bn18regular_bg_map_ptr5tilesEv
                0x00000000080018a4       0x48 bn_bg_blocks_manager.o
                0x00000000080018a4                bn::regular_bg_map_ptr::tiles() const
 .text._ZNK2bn17affine_bg_map_ptr5tilesEv
                0x00000000080018ec       0x48 bn_bg_blocks_manager.o
                0x00000000080018ec                bn::affine_bg_map_ptr::tiles() const
 .text._ZNK2bn18regular_bg_map_ptr3bppEv
                0x0000000008001934       0x4c bn_bg_blocks_manager.o
                0x0000000008001934                bn::regular_bg_map_ptr::bpp() const
 .text._ZN2bn17bg_blocks_manager21update_affine_map_rowEiii
                0x0000000008001980      0x104 bn_bg_blocks_manager.o
                0x0000000008001980                bn::bg_blocks_manager::update_affine_map_row(int, int, int)
 .text._ZN2bn17bg_blocks_manager23set_affine_map_positionEiii
                0x0000000008001a84      0x1b0 bn_bg_blocks_manager.o
                0x0000000008001a84                bn::bg_blocks_manager::set_affine_map_position(int, int, int)
 .text._ZN2bn17bg_blocks_manager21update_affine_map_colEiii
                0x0000000008001c34      0x224 bn_bg_blocks_manager.o
                0x0000000008001c34                bn::bg_blocks_manager::update_affine_map_col(int, int, int)
 .text._ZN2bn17bg_blocks_manager22update_regular_map_colEiii
                0x0000000008001e58      0x174 bn_bg_blocks_manager.o
                0x0000000008001e58                bn::bg_blocks_manager::update_regular_map_col(int, int, int)
 .text._ZN2bn17bg_blocks_manager22update_regular_map_rowEiii
                0x0000000008001fcc      0x14c bn_bg_blocks_manager.o
                0x0000000008001fcc                bn::bg_blocks_manager::update_regular_map_row(int, int, int)
 .text._ZN2bn17bg_blocks_manager24set_regular_map_positionEiii
                0x0000000008002118      0x1d8 bn_bg_blocks_manager.o
                0x0000000008002118                bn::bg_blocks_manager::set_regular_map_position(int, int, int)
 .text._ZN2bn17bg_blocks_manager12_GLOBAL__N_112_commit_itemERKNS1_9item_typeE
                0x00000000080022f0      0x2bc bn_bg_blocks_manager.o
 .text._ZN2bn17bg_blocks_manager6commitEv
                0x00000000080025ac       0x40 bn_bg_blocks_manager.o
                0x00000000080025ac                bn::bg_blocks_manager::commit()
 .text._ZN3_bn6assert9show_argsIA26_cEEvPKcS4_S4_iRKT_
                0x00000000080025ec       0x50 bn_bg_blocks_manager.o
                0x00000000080025ec                void _bn::assert::show_args<char [26]>(char const*, char const*, char const*, int, char const (&) [26])
 .text._ZN2bn17bg_blocks_manager12_GLOBAL__N_110items_list12insert_afterEiRKNS1_9item_typeE.constprop.0
                0x000000000800263c      0x2b0 bn_bg_blocks_manager.o
 .text._ZN2bn17bg_blocks_manager4initEv
                0x00000000080028ec      0x15c bn_bg_blocks_manager.o
                0x00000000080028ec                bn::bg_blocks_manager::init()
 .text._ZN2bn13ostringstream11append_argsIA4_cJiEEEvRKT_DpRKT0_
                0x0000000008002a48       0x18 bn_bg_blocks_manager.o
                0x0000000008002a48                void bn::ostringstream::append_args<char [4], int>(char const (&) [4], int const&)
 .text._ZN3_bn6assert9show_argsIJA39_cPKN2bn4tileEA4_ciEEEvPKcS9_S9_iDpRKT_
                0x0000000008002a60       0x64 bn_bg_blocks_manager.o
                0x0000000008002a60                void _bn::assert::show_args<char [39], bn::tile const*, char [4], int>(char const*, char const*, char const*, int, char const (&) [39], bn::tile const* const&, char const (&) [4], int const&)
 .text._ZN3_bn6assert9show_argsIA25_ciEEvPKcS4_S4_iRKT_RKT0_
                0x0000000008002ac4       0x58 bn_bg_blocks_manager.o
                0x0000000008002ac4                void _bn::assert::show_args<char [25], int>(char const*, char const*, char const*, int, char const (&) [25], int const&)
 .text._ZN2bn14iunordered_mapIPKviNS_4hashIS2_EENS_8equal_toIS2_EEE5eraseERKNS7_14const_iteratorE.isra.0
                0x0000000008002b1c      0x17c bn_bg_blocks_manager.o
 .text._ZN2bn17bg_blocks_manager12_GLOBAL__N_121_remove_adjacent_itemEiRNS1_9item_typeE
                0x0000000008002c98       0xd8 bn_bg_blocks_manager.o
 .text._ZN2bn17bg_blocks_manager6updateEv
                0x0000000008002d70      0x258 bn_bg_blocks_manager.o
                0x0000000008002d70                bn::bg_blocks_manager::update()
 .text.startup._GLOBAL__sub_I__ZN2bn7bg_maps16used_cells_countEv
                0x0000000008002fc8       0xa4 bn_bg_blocks_manager.o
 .text.exit._GLOBAL__sub_D__ZN2bn7bg_maps16used_cells_countEv
                0x000000000800306c       0x80 bn_bg_blocks_manager.o
 .text._ZN2bn11bgs_manager12_GLOBAL__N_133_update_item_hw_affine_attributesERKNS1_9item_typeE
                0x00000000080030ec       0x48 bn_bgs_manager.o
 .text._ZN2bn13ostringstream11append_argsIiJA4_ciEEEvRKT_DpRKT0_.isra.0
                0x0000000008003134       0x24 bn_bgs_manager.o
 .text._ZN2bn11bgs_manager5hw_idEPv
                0x0000000008003158       0x24 bn_bgs_manager.o
                0x0000000008003158                bn::bgs_manager::hw_id(void*)
 .text._ZN2bn11bgs_manager11hw_positionEPv
                0x000000000800317c        0x4 bn_bgs_manager.o
                0x000000000800317c                bn::bgs_manager::hw_position(void*)
 .text._ZN2bn11bgs_manager14mat_attributesEPv
                0x0000000008003180        0x4 bn_bgs_manager.o
                0x0000000008003180                bn::bgs_manager::mat_attributes(void*)
 .text._ZN2bn11bgs_manager20update_windows_flagsEPj
                0x0000000008003184       0x7c bn_bgs_manager.o
                0x0000000008003184                bn::bgs_manager::update_windows_flags(unsigned int*)
 .text._ZN2bn11bgs_manager36fill_hblank_effect_regular_positionsEiPKNS_7fixed_tILi12EEEPt
                0x0000000008003200       0x38 bn_bgs_manager.o
                0x0000000008003200                bn::bgs_manager::fill_hblank_effect_regular_positions(int, bn::fixed_t<12> const*, unsigned short*)
 .text._ZN2bn11bgs_manager45fill_hblank_effect_pivot_horizontal_positionsEPvPKNS_7fixed_tILi12EEEPj
                0x0000000008003238       0x24 bn_bgs_manager.o
                0x0000000008003238                bn::bgs_manager::fill_hblank_effect_pivot_horizontal_positions(void*, bn::fixed_t<12> const*, unsigned int*)
 .text._ZN2bn11bgs_manager43fill_hblank_effect_pivot_vertical_positionsEPvPKNS_7fixed_tILi12EEEPj
                0x000000000800325c       0x24 bn_bgs_manager.o
                0x000000000800325c                bn::bgs_manager::fill_hblank_effect_pivot_vertical_positions(void*, bn::fixed_t<12> const*, unsigned int*)
 .text._ZN2bn11bgs_manager6commitEb
                0x0000000008003280       0x58 bn_bgs_manager.o
                0x0000000008003280                bn::bgs_manager::commit(bool)
 .text._ZN2bn11bgs_manager4stopEv
                0x00000000080032d8       0x28 bn_bgs_manager.o
                0x00000000080032d8                bn::bgs_manager::stop()
 .text._ZN3_bn6assert9show_argsIA30_cEEvPKcS4_S4_iRKT_
                0x0000000008003300       0x50 bn_bgs_manager.o
                0x0000000008003300                void _bn::assert::show_args<char [30]>(char const*, char const*, char const*, int, char const (&) [30])
 .text._ZN3_bn6assert9show_argsIJA60_ciA4_ciEEEvPKcS5_S5_iDpRKT_
                0x0000000008003350       0x5c bn_bgs_manager.o
                0x0000000008003350                void _bn::assert::show_args<char [60], int, char [4], int>(char const*, char const*, char const*, int, char const (&) [60], int const&, char const (&) [4], int const&)
 .text._ZN3_bn6assert9show_argsIJA59_ciA4_ciEEEvPKcS5_S5_iDpRKT_
                0x00000000080033ac       0x5c bn_bgs_manager.o
                0x00000000080033ac                void _bn::assert::show_args<char [59], int, char [4], int>(char const*, char const*, char const*, int, char const (&) [59], int const&, char const (&) [4], int const&)
 .text._ZN3_bn6assert9show_argsIJA57_ciA4_ciEEEvPKcS5_S5_iDpRKT_
                0x0000000008003408       0x5c bn_bgs_manager.o
                0x0000000008003408                void _bn::assert::show_args<char [57], int, char [4], int>(char const*, char const*, char const*, int, char const (&) [57], int const&, char const (&) [4], int const&)
 .text._ZN2bn11bgs_manager14update_camerasEv
                0x0000000008003464      0x2b4 bn_bgs_manager.o
                0x0000000008003464                bn::bgs_manager::update_cameras()
 .text._ZN3_bn6assert9show_argsIA31_cEEvPKcS4_S4_iRKT_
                0x0000000008003718       0x50 bn_bgs_manager.o
                0x0000000008003718                void _bn::assert::show_args<char [31]>(char const*, char const*, char const*, int, char const (&) [31])
 .text._ZN2bn11bgs_manager15rebuild_handlesEv.part.0
                0x0000000008003768      0x19c bn_bgs_manager.o
 .text._ZN2bn11bgs_manager37fill_hblank_effect_regular_attributesEPvPKNS_21regular_bg_attributesEPt
                0x0000000008003904      0x104 bn_bgs_manager.o
                0x0000000008003904                bn::bgs_manager::fill_hblank_effect_regular_attributes(void*, bn::regular_bg_attributes const*, unsigned short*)
 .text._ZN2bn11bgs_manager6updateEv
                0x0000000008003a08      0x1d0 bn_bgs_manager.o
                0x0000000008003a08                bn::bgs_manager::update()
 .text._ZN2bn11bgs_manager15commit_big_mapsEv
                0x0000000008003bd8      0x1d4 bn_bgs_manager.o
                0x0000000008003bd8                bn::bgs_manager::commit_big_maps()
 .text._ZN2bn11bgs_manager36fill_hblank_effect_affine_attributesEPvPKNS_20affine_bg_attributesEPt
                0x0000000008003dac      0x108 bn_bgs_manager.o
                0x0000000008003dac                bn::bgs_manager::fill_hblank_effect_affine_attributes(void*, bn::affine_bg_attributes const*, unsigned short*)
 .text._ZN2bn11bgs_manager10affine_mapEPv
                0x0000000008003eb4       0x34 bn_bgs_manager.o
                0x0000000008003eb4                bn::bgs_manager::affine_map(void*)
 .text._ZN2bn11bgs_manager11regular_mapEPv
                0x0000000008003ee8       0x34 bn_bgs_manager.o
                0x0000000008003ee8                bn::bgs_manager::regular_map(void*)
 .text.startup._GLOBAL__sub_I__ZN2bn3bgs16used_items_countEv
                0x0000000008003f1c       0x80 bn_bgs_manager.o
 .text.exit._GLOBAL__sub_D__ZN2bn3bgs16used_items_countEv
                0x0000000008003f9c       0x14 bn_bgs_manager.o
 .text._ZNK2bn10camera_ptr8positionEv
                0x0000000008003fb0       0x14 bn_cameras_manager.o
                0x0000000008003fb0                bn::camera_ptr::position() const
 .text._ZN2bn15cameras_manager6updateEv
                0x0000000008003fc4       0x28 bn_cameras_manager.o
                0x0000000008003fc4                bn::cameras_manager::update()
 .text._ZN2bn15cameras_manager4initEv
                0x0000000008003fec       0x54 bn_cameras_manager.o
                0x0000000008003fec                bn::cameras_manager::init()
 .text._ZN2bn10camera_ptr8_destroyEv
                0x0000000008004040       0x60 bn_cameras_manager.o
                0x0000000008004040                bn::camera_ptr::_destroy()
 .text.startup._GLOBAL__sub_I__ZN2bn7cameras16used_items_countEv
                0x00000000080040a0       0x2c bn_cameras_manager.o
 .text._ZN2bn4core12_GLOBAL__N_111update_implEv
                0x00000000080040cc       0xa8 bn_core.o
 .text._ZN2bn4core12_GLOBAL__N_118hp_vblank_functionEv
                0x0000000008004174       0x2c bn_core.o
 .text._ZN2bn4core12_GLOBAL__N_14stopEb.constprop.0
                0x00000000080041a0       0x40 bn_core.o
 .text._ZN2bn11string_viewC2EPKc
                0x00000000080041e0       0x1c bn_core.o
                0x00000000080041e0                bn::string_view::string_view(char const*)
                0x00000000080041e0                bn::string_view::string_view(char const*)
 .text._ZN2bn4core6updateEv
                0x00000000080041fc       0x78 bn_core.o
                0x00000000080041fc                bn::core::update()
 .text._ZN2bn4core4initERKNS_11string_viewE
                0x0000000008004274       0xa0 bn_core.o
                0x0000000008004274                bn::core::init(bn::string_view const&)
 .text._ZN2bn4core4initEv
                0x0000000008004314       0x18 bn_core.o
                0x0000000008004314                bn::core::init()
 .text._ZN3_bn6assert4showEPKcS2_S2_iRKN2bn12istring_baseE
                0x000000000800432c       0x60 bn_core.o
                0x000000000800432c                _bn::assert::show(char const*, char const*, char const*, int, bn::istring_base const&)
 .text.startup._GLOBAL__sub_I__ZN2bn4core4initEv
                0x000000000800438c       0x40 bn_core.o
 .text._ZN2bn15display_manager12_GLOBAL__N_134_update_rect_windows_hw_boundariesEi
                0x00000000080043cc       0x8c bn_display_manager.o
 .text._ZN2bn15display_manager4initEv
                0x0000000008004458       0x40 bn_display_manager.o
                0x0000000008004458                bn::display_manager::init()
 .text._ZN2bn15display_manager8set_modeEi
                0x0000000008004498       0x1c bn_display_manager.o
                0x0000000008004498                bn::display_manager::set_mode(int)
 .text._ZN2bn15display_manager14set_bg_enabledEib
                0x00000000080044b4       0x1c bn_display_manager.o
                0x00000000080044b4                bn::display_manager::set_bg_enabled(int, bool)
 .text._ZN2bn15display_manager15disable_all_bgsEv
                0x00000000080044d0       0x18 bn_display_manager.o
                0x00000000080044d0                bn::display_manager::disable_all_bgs()
 .text._ZN2bn15display_manager36fill_mosaic_hblank_effect_attributesEPKNS_17mosaic_attributesEPt
                0x00000000080044e8       0xb4 bn_display_manager.o
                0x00000000080044e8                bn::display_manager::fill_mosaic_hblank_effect_attributes(bn::mosaic_attributes const*, unsigned short*)
 .text._ZN2bn15display_manager23set_blending_bg_enabledEib
                0x000000000800459c       0x14 bn_display_manager.o
                0x000000000800459c                bn::display_manager::set_blending_bg_enabled(int, bool)
 .text._ZN2bn15display_manager32blending_transparency_top_weightEv
                0x00000000080045b0       0x18 bn_display_manager.o
                0x00000000080045b0                bn::display_manager::blending_transparency_top_weight()
 .text._ZN2bn15display_manager35blending_transparency_bottom_weightEv
                0x00000000080045c8       0x28 bn_display_manager.o
                0x00000000080045c8                bn::display_manager::blending_transparency_bottom_weight()
 .text._ZN2bn15display_manager51fill_blending_transparency_hblank_effect_attributesEPKNS_32blending_transparency_attributesEPt
                0x00000000080045f0       0x30 bn_display_manager.o
                0x00000000080045f0                bn::display_manager::fill_blending_transparency_hblank_effect_attributes(bn::blending_transparency_attributes const*, unsigned short*)
 .text._ZN2bn15display_manager21blending_fade_enabledEv
                0x0000000008004620       0x10 bn_display_manager.o
                0x0000000008004620                bn::display_manager::blending_fade_enabled()
 .text._ZN2bn15display_manager39fill_blending_fade_hblank_effect_alphasEPKNS_19blending_fade_alphaEPt
                0x0000000008004630       0x24 bn_display_manager.o
                0x0000000008004630                bn::display_manager::fill_blending_fade_hblank_effect_alphas(bn::blending_fade_alpha const*, unsigned short*)
 .text._ZN2bn15display_manager26update_windows_visible_bgsEv
                0x0000000008004654       0x10 bn_display_manager.o
                0x0000000008004654                bn::display_manager::update_windows_visible_bgs()
 .text._ZN2bn15display_manager36rect_window_hw_horizontal_boundariesEi
                0x0000000008004664       0x14 bn_display_manager.o
                0x0000000008004664                bn::display_manager::rect_window_hw_horizontal_boundaries(int)
 .text._ZN2bn15display_manager34rect_window_hw_vertical_boundariesEi
                0x0000000008004678       0x14 bn_display_manager.o
                0x0000000008004678                bn::display_manager::rect_window_hw_vertical_boundaries(int)
 .text._ZN2bn15display_manager52fill_rect_window_hblank_effect_horizontal_boundariesERKNS_4pairIiiEEPKNS1_INS_7fixed_tILi12EEES6_EEPt
                0x000000000800468c      0x13c bn_display_manager.o
                0x000000000800468c                bn::display_manager::fill_rect_window_hblank_effect_horizontal_boundaries(bn::pair<int, int> const&, bn::pair<bn::fixed_t<12>, bn::fixed_t<12> > const*, unsigned short*)
 .text._ZN2bn15display_manager50fill_rect_window_hblank_effect_vertical_boundariesERKNS_4pairIiiEEPKNS1_INS_7fixed_tILi12EEES6_EEPt
                0x00000000080047c8      0x13c bn_display_manager.o
                0x00000000080047c8                bn::display_manager::fill_rect_window_hblank_effect_vertical_boundaries(bn::pair<int, int> const&, bn::pair<bn::fixed_t<12>, bn::fixed_t<12> > const*, unsigned short*)
 .text._ZN2bn15display_manager36fill_green_swap_hblank_effect_statesEPKbPt
                0x0000000008004904       0x38 bn_display_manager.o
                0x0000000008004904                bn::display_manager::fill_green_swap_hblank_effect_states(bool const*, unsigned short*)
 .text._ZN2bn15display_manager14update_camerasEv
                0x000000000800493c       0x40 bn_display_manager.o
                0x000000000800493c                bn::display_manager::update_cameras()
 .text._ZN2bn15display_manager6updateEv
                0x000000000800497c      0x214 bn_display_manager.o
                0x000000000800497c                bn::display_manager::update()
 .text._ZN2bn15display_manager6commitEv
                0x0000000008004b90      0x164 bn_display_manager.o
                0x0000000008004b90                bn::display_manager::commit()
 .text._ZN2bn15display_manager4stopEv
                0x0000000008004cf4       0x28 bn_display_manager.o
                0x0000000008004cf4                bn::display_manager::stop()
 .text._ZN3_bn6assert9show_argsIA66_cEEvPKcS4_S4_iRKT_
                0x0000000008004d1c       0x50 bn_display_manager.o
                0x0000000008004d1c                void _bn::assert::show_args<char [66]>(char const*, char const*, char const*, int, char const (&) [66])
 .text.startup._GLOBAL__sub_I__ZNK2bn6window7show_bgERKNS_14regular_bg_ptrE
                0x0000000008004d6c       0x7c bn_display_manager.o
 .text.exit._GLOBAL__sub_D__ZNK2bn6window7show_bgERKNS_14regular_bg_ptrE
                0x0000000008004de8       0x48 bn_display_manager.o
 .text._ZN2bn18igeneric_pool_baseC2EPci
                0x0000000008004e30       0x10 bn_generic_pool.o
                0x0000000008004e30                bn::igeneric_pool_base::igeneric_pool_base(char*, int)
                0x0000000008004e30                bn::igeneric_pool_base::igeneric_pool_base(char*, int)
 .text._ZN2bn18igeneric_pool_base5_freeEPc
                0x0000000008004e40       0x10 bn_generic_pool.o
                0x0000000008004e40                bn::igeneric_pool_base::_free(char*)
 .text._ZN2bn18igeneric_pool_baseD2Ev
                0x0000000008004e50       0x30 bn_generic_pool.o
                0x0000000008004e50                bn::igeneric_pool_base::~igeneric_pool_base()
                0x0000000008004e50                bn::igeneric_pool_base::~igeneric_pool_base()
 .text._ZN2bn18igeneric_pool_base9_allocateEv
                0x0000000008004e80       0x48 bn_generic_pool.o
                0x0000000008004e80                bn::igeneric_pool_base::_allocate()
 .text._ZN2bn12gpio_manager6commitEv
                0x0000000008004ec8       0x48 bn_gpio_manager.o
                0x0000000008004ec8                bn::gpio_manager::commit()
 .text._ZN2bn12gpio_manager4stopEv
                0x0000000008004f10       0x3c bn_gpio_manager.o
                0x0000000008004f10                bn::gpio_manager::stop()
 .text._ZN2bn22hblank_effects_manager12_GLOBAL__N_19item_type18_output_values_ptrEv
                0x0000000008004f4c       0x40 bn_hblank_effects_manager.o
 .text._ZN2bn7type_idINS_4pairIiiEEEENS_9type_id_tEv
                0x0000000008004f8c        0x8 bn_hblank_effects_manager.o
                0x0000000008004f8c                bn::type_id_t bn::type_id<bn::pair<int, int> >()
 .text._ZN2bn7type_idINS_33regular_bg_attributes_hbe_handler15last_value_typeEEENS_9type_id_tEv
                0x0000000008004f94        0x8 bn_hblank_effects_manager.o
                0x0000000008004f94                bn::type_id_t bn::type_id<bn::regular_bg_attributes_hbe_handler::last_value_type>()
 .text._ZN2bn7type_idINS_32affine_bg_attributes_hbe_handler15last_value_typeEEENS_9type_id_tEv
                0x0000000008004f9c        0x8 bn_hblank_effects_manager.o
                0x0000000008004f9c                bn::type_id_t bn::type_id<bn::affine_bg_attributes_hbe_handler::last_value_type>()
 .text._ZN2bn7type_idIiEENS_9type_id_tEv
                0x0000000008004fa4        0x8 bn_hblank_effects_manager.o
                0x0000000008004fa4                bn::type_id_t bn::type_id<int>()
 .text._ZN2bn7type_idINS_47affine_bg_pivot_horizontal_position_hbe_handler15last_value_typeEEENS_9type_id_tEv
                0x0000000008004fac        0x8 bn_hblank_effects_manager.o
                0x0000000008004fac                bn::type_id_t bn::type_id<bn::affine_bg_pivot_horizontal_position_hbe_handler::last_value_type>()
 .text._ZN2bn7type_idINS_45affine_bg_pivot_vertical_position_hbe_handler15last_value_typeEEENS_9type_id_tEv
                0x0000000008004fb4        0x8 bn_hblank_effects_manager.o
                0x0000000008004fb4                bn::type_id_t bn::type_id<bn::affine_bg_pivot_vertical_position_hbe_handler::last_value_type>()
 .text._ZN2bn7type_idINS_35sprite_first_attributes_hbe_handler15last_value_typeEEENS_9type_id_tEv
                0x0000000008004fbc        0x8 bn_hblank_effects_manager.o
                0x0000000008004fbc                bn::type_id_t bn::type_id<bn::sprite_first_attributes_hbe_handler::last_value_type>()
 .text._ZN2bn7type_idINS_35sprite_second_attributes_last_valueEEENS_9type_id_tEv
                0x0000000008004fc4        0x8 bn_hblank_effects_manager.o
                0x0000000008004fc4                bn::type_id_t bn::type_id<bn::sprite_second_attributes_last_value>()
 .text._ZN2bn7type_idINS_17sprite_shape_sizeEEENS_9type_id_tEv
                0x0000000008004fcc        0x8 bn_hblank_effects_manager.o
                0x0000000008004fcc                bn::type_id_t bn::type_id<bn::sprite_shape_size>()
 .text._ZN2bn22hblank_effects_manager7disableEv
                0x0000000008004fd4       0x24 bn_hblank_effects_manager.o
                0x0000000008004fd4                bn::hblank_effects_manager::disable()
 .text._ZN2bn22hblank_effects_manager6commitEv
                0x0000000008004ff8       0x74 bn_hblank_effects_manager.o
                0x0000000008004ff8                bn::hblank_effects_manager::commit()
 .text._ZN2bn22hblank_effects_manager12_GLOBAL__N_110_is_uint32ENS0_12handler_typeE
                0x000000000800506c       0x64 bn_hblank_effects_manager.o
 .text._ZN2bn8optionalINS_29affine_bg_pa_register_hbe_ptrEEdeEv.part.0
                0x00000000080050d0       0x28 bn_hblank_effects_manager.o
 .text._ZN3_bn6assert9show_argsIA23_cEEvPKcS4_S4_iRKT_
                0x00000000080050f8       0x50 bn_hblank_effects_manager.o
                0x00000000080050f8                void _bn::assert::show_args<char [23]>(char const*, char const*, char const*, int, char const (&) [23])
 .text._ZN2bn22hblank_effects_manager12_GLOBAL__N_19item_type12check_updateEv
                0x0000000008005148     0x1e28 bn_hblank_effects_manager.o
 .text._ZN2bn22hblank_effects_manager6updateEv
                0x0000000008006f70      0x1ec bn_hblank_effects_manager.o
                0x0000000008006f70                bn::hblank_effects_manager::update()
 .text._ZN2bn22hblank_effects_manager4initEv
                0x000000000800715c       0xd4 bn_hblank_effects_manager.o
                0x000000000800715c                bn::hblank_effects_manager::init()
 .text._ZN3_bn6assert9show_argsIJA39_cPKN2bn5colorEA4_ciEEEvPKcS9_S9_iDpRKT_
                0x0000000008007230       0x64 bn_hblank_effects_manager.o
                0x0000000008007230                void _bn::assert::show_args<char [39], bn::color const*, char [4], int>(char const*, char const*, char const*, int, char const (&) [39], bn::color const* const&, char const (&) [4], int const&)
 .text.startup._GLOBAL__sub_I__ZN2bn4hbes10used_countEv
                0x0000000008007294       0xfc bn_hblank_effects_manager.o
 .text.exit._GLOBAL__sub_D__ZN2bn4hbes10used_countEv
                0x0000000008007390       0x40 bn_hblank_effects_manager.o
 .text._ZN2bn12hdma_manager7disableEv
                0x00000000080073d0       0x30 bn_hdma_manager.o
                0x00000000080073d0                bn::hdma_manager::disable()
 .text._ZN2bn12hdma_manager10force_stopEv
                0x0000000008007400       0x3c bn_hdma_manager.o
                0x0000000008007400                bn::hdma_manager::force_stop()
 .text._ZN2bn12hdma_manager6updateEv
                0x000000000800743c       0x6c bn_hdma_manager.o
                0x000000000800743c                bn::hdma_manager::update()
 .text._ZN2bn12hdma_manager6commitEb
                0x00000000080074a8      0x118 bn_hdma_manager.o
                0x00000000080074a8                bn::hdma_manager::commit(bool)
 .text.startup._GLOBAL__sub_I__ZN2bn4hdma7runningEv
                0x00000000080075c0       0x34 bn_hdma_manager.o
 .text._ZN2bn6keypad13start_pressedEv
                0x00000000080075f4       0x10 bn_keypad_manager.o
                0x00000000080075f4                bn::keypad::start_pressed()
 .text._ZN2bn14keypad_manager4stopEv
                0x0000000008007604        0x4 bn_keypad_manager.o
                0x0000000008007604                bn::keypad_manager::stop()
 .text._ZN3_bn6assert9show_argsIJA19_ciA4_ciEEEvPKcS5_S5_iDpRKT_
                0x0000000008007608       0x6c bn_keypad_manager.o
                0x0000000008007608                void _bn::assert::show_args<char [19], int, char [4], int>(char const*, char const*, char const*, int, char const (&) [19], int const&, char const (&) [4], int const&)
 .text._ZN2bn14keypad_manager6updateEv
                0x0000000008007674       0xa8 bn_keypad_manager.o
                0x0000000008007674                bn::keypad_manager::update()
 .text._ZN3_bn6assert9show_argsIA24_ciEEvPKcS4_S4_iRKT_RKT0_
                0x000000000800771c       0x58 bn_keypad_manager.o
                0x000000000800771c                void _bn::assert::show_args<char [24], int>(char const*, char const*, char const*, int, char const (&) [24], int const&)
 .text._ZN2bn14keypad_manager4initERKNS_11string_viewE
                0x0000000008007774       0x58 bn_keypad_manager.o
                0x0000000008007774                bn::keypad_manager::init(bn::string_view const&)
 .text._ZN2bn12link_manager4initEv
                0x00000000080077cc        0xc bn_link_manager.o
                0x00000000080077cc                bn::link_manager::init()
 .text._ZN2bn12link_manager6activeEv
                0x00000000080077d8        0xc bn_link_manager.o
                0x00000000080077d8                bn::link_manager::active()
 .text._ZN2bn12link_manager7disableEv
                0x00000000080077e4       0x18 bn_link_manager.o
                0x00000000080077e4                bn::link_manager::disable()
 .text._ZN2bn12link_manager6commitEv
                0x00000000080077fc        0xc bn_link_manager.o
                0x00000000080077fc                bn::link_manager::commit()
 .text._ZN3_bn6assert9show_argsIA28_ciEEvPKcS4_S4_iRKT_RKT0_
                0x0000000008007808       0x58 bn_link_manager.o
                0x0000000008007808                void _bn::assert::show_args<char [28], int>(char const*, char const*, char const*, int, char const (&) [28], int const&)
 .text._ZN2bn3logERKNS_12istring_baseE
                0x0000000008007860        0xc bn_log.o
                0x0000000008007860                bn::log(bn::istring_base const&)
 .text._ZN3_bn6assert9show_argsIA27_cEEvPKcS4_S4_iRKT_
                0x000000000800786c       0x50 bn_memory_manager.o
                0x000000000800786c                void _bn::assert::show_args<char [27]>(char const*, char const*, char const*, int, char const (&) [27])
 .text._ZN2bn18best_fit_allocatorILi16EED2Ev
                0x00000000080078bc       0x7c bn_memory_manager.o
                0x00000000080078bc                bn::best_fit_allocator<16>::~best_fit_allocator()
                0x00000000080078bc                bn::best_fit_allocator<16>::~best_fit_allocator()
 .text._ZN2bn14memory_manager4initEv
                0x0000000008007938      0x110 bn_memory_manager.o
                0x0000000008007938                bn::memory_manager::init()
 .text.exit._GLOBAL__sub_D__Znwj
                0x0000000008007a48       0x20 bn_memory_manager.o
 .text._ZN2bn2hw8palettes9grayscaleEPKNS_5colorEiiPS2_.part.0
                0x0000000008007a68       0x40 bn_palettes_manager.o
 .text._ZN2bn11bg_palettes21set_transparent_colorENS_5colorE
                0x0000000008007aa8       0x40 bn_palettes_manager.o
                0x0000000008007aa8                bn::bg_palettes::set_transparent_color(bn::color)
 .text._ZN2bn14bg_palette_ptrC2ERKS0_
                0x0000000008007ae8       0x2c bn_palettes_manager.o
                0x0000000008007ae8                bn::bg_palette_ptr::bg_palette_ptr(bn::bg_palette_ptr const&)
                0x0000000008007ae8                bn::bg_palette_ptr::bg_palette_ptr(bn::bg_palette_ptr const&)
 .text._ZNK2bn14bg_palette_ptr3bppEv
                0x0000000008007b14       0x20 bn_palettes_manager.o
                0x0000000008007b14                bn::bg_palette_ptr::bpp() const
 .text._ZN2bn18sprite_palette_ptrC2ERKS0_
                0x0000000008007b34       0x1c bn_palettes_manager.o
                0x0000000008007b34                bn::sprite_palette_ptr::sprite_palette_ptr(bn::sprite_palette_ptr const&)
                0x0000000008007b34                bn::sprite_palette_ptr::sprite_palette_ptr(bn::sprite_palette_ptr const&)
 .text._ZNK2bn18sprite_palette_ptr3bppEv
                0x0000000008007b50       0x1c bn_palettes_manager.o
                0x0000000008007b50                bn::sprite_palette_ptr::bpp() const
 .text._ZNK2bn13palettes_bank10log_statusEv
                0x0000000008007b6c      0x188 bn_palettes_manager.o
                0x0000000008007b6c                bn::palettes_bank::log_status() const
 .text._ZNK2bn13palettes_bank20retrieve_commit_dataEv
                0x0000000008007cf4       0x58 bn_palettes_manager.o
                0x0000000008007cf4                bn::palettes_bank::retrieve_commit_data() const
 .text._ZNK2bn13palettes_bank12_same_colorsERKNS_4spanIKNS_5colorEEEi
                0x0000000008007d4c       0x50 bn_palettes_manager.o
                0x0000000008007d4c                bn::palettes_bank::_same_colors(bn::span<bn::color const> const&, int) const
 .text._ZN2bn13palettes_bank10find_bpp_4ERKNS_4spanIKNS_5colorEEEt
                0x0000000008007d9c       0xdc bn_palettes_manager.o
                0x0000000008007d9c                bn::palettes_bank::find_bpp_4(bn::span<bn::color const> const&, unsigned short)
 .text._ZNK2bn13palettes_bank21_apply_global_effectsEiPNS_5colorE
                0x0000000008007e78      0x13c bn_palettes_manager.o
                0x0000000008007e78                bn::palettes_bank::_apply_global_effects(int, bn::color*) const
 .text._ZNK2bn13palettes_bank25fill_hblank_effect_colorsEPKNS_5colorEPt
                0x0000000008007fb4       0x30 bn_palettes_manager.o
                0x0000000008007fb4                bn::palettes_bank::fill_hblank_effect_colors(bn::color const*, unsigned short*) const
 .text._ZNK2bn13palettes_bank7palette13apply_effectsEiPNS_5colorE
                0x0000000008007fe4       0xbc bn_palettes_manager.o
                0x0000000008007fe4                bn::palettes_bank::palette::apply_effects(int, bn::color*) const
 .text._ZNK2bn13palettes_bank25fill_hblank_effect_colorsEiPKNS_5colorEPt
                0x00000000080080a0       0x44 bn_palettes_manager.o
                0x00000000080080a0                bn::palettes_bank::fill_hblank_effect_colors(int, bn::color const*, unsigned short*) const
 .text._ZN2bn13palettes_bank15_update_paletteEi
                0x00000000080080e4       0x6c bn_palettes_manager.o
                0x00000000080080e4                bn::palettes_bank::_update_palette(int)
 .text._ZN2bn13palettes_bank6updateEv
                0x0000000008008150      0x124 bn_palettes_manager.o
                0x0000000008008150                bn::palettes_bank::update()
 .text._ZN2bn13palettes_bankC2Ev
                0x0000000008008274       0xcc bn_palettes_manager.o
                0x0000000008008274                bn::palettes_bank::palettes_bank()
                0x0000000008008274                bn::palettes_bank::palettes_bank()
 .text._ZN2bn16palettes_manager20sprite_palettes_bankEv
                0x0000000008008340        0x8 bn_palettes_manager.o
                0x0000000008008340                bn::palettes_manager::sprite_palettes_bank()
 .text._ZN2bn16palettes_manager16bg_palettes_bankEv
                0x0000000008008348        0x8 bn_palettes_manager.o
                0x0000000008008348                bn::palettes_manager::bg_palettes_bank()
 .text._ZN2bn16palettes_manager6updateEv
                0x0000000008008350       0x20 bn_palettes_manager.o
                0x0000000008008350                bn::palettes_manager::update()
 .text._ZN2bn16palettes_manager6commitEb
                0x0000000008008370       0xd0 bn_palettes_manager.o
                0x0000000008008370                bn::palettes_manager::commit(bool)
 .text._ZN2bn16palettes_manager4stopEv
                0x0000000008008440       0x20 bn_palettes_manager.o
                0x0000000008008440                bn::palettes_manager::stop()
 .text._ZN3_bn6assert9show_argsIA35_cEEvPKcS4_S4_iRKT_
                0x0000000008008460       0x50 bn_palettes_manager.o
                0x0000000008008460                void _bn::assert::show_args<char [35]>(char const*, char const*, char const*, int, char const (&) [35])
 .text._ZN2bn13palettes_bank11colors_hashERKNS_4spanIKNS_5colorEEE
                0x00000000080084b0       0x58 bn_palettes_manager.o
                0x00000000080084b0                bn::palettes_bank::colors_hash(bn::span<bn::color const> const&)
 .text._ZN3_bn6assert9show_argsIJA43_ciS2_A42_cEEEvPKcS5_S5_iDpRKT_
                0x0000000008008508       0x68 bn_palettes_manager.o
                0x0000000008008508                void _bn::assert::show_args<char [43], int, char [43], char [42]>(char const*, char const*, char const*, int, char const (&) [43], int const&, char const (&) [43], char const (&) [42])
 .text._ZN2bn13palettes_bank12create_bpp_8ERKNS_4spanIKNS_5colorEEENS_16compression_typeEb
                0x0000000008008570      0x22c bn_palettes_manager.o
                0x0000000008008570                bn::palettes_bank::create_bpp_8(bn::span<bn::color const> const&, bn::compression_type, bool)
 .text._ZNK2bn19sprite_palette_item10decompressENS_4spanINS_5colorEEE
                0x000000000800879c      0x170 bn_palettes_manager.o
                0x000000000800879c                bn::sprite_palette_item::decompress(bn::span<bn::color>) const
 .text._ZN2bn13palettes_bank12create_bpp_4ERKNS_4spanIKNS_5colorEEEtb
                0x000000000800890c      0x2a0 bn_palettes_manager.o
                0x000000000800890c                bn::palettes_bank::create_bpp_4(bn::span<bn::color const> const&, unsigned short, bool)
 .text._ZN2bn12_GLOBAL__N_112_create_implERKNS_19sprite_palette_itemEb
                0x0000000008008bac       0x7c bn_palettes_manager.o
 .text._ZNK2bn19sprite_palette_item14create_paletteEv
                0x0000000008008c28       0x48 bn_palettes_manager.o
                0x0000000008008c28                bn::sprite_palette_item::create_palette() const
 .text._ZN2bn14iunordered_mapItsNS_13palettes_bank15identity_hasherENS_8equal_toItEEE5eraseERKNS5_14const_iteratorE.isra.0
                0x0000000008008c70      0x174 bn_palettes_manager.o
 .text._ZN2bn13palettes_bank15decrease_usagesEi.part.0
                0x0000000008008de4       0xdc bn_palettes_manager.o
 .text._ZN2bn14bg_palette_ptr8_destroyEv
                0x0000000008008ec0       0x34 bn_palettes_manager.o
                0x0000000008008ec0                bn::bg_palette_ptr::_destroy()
 .text._ZN2bn18sprite_palette_ptr8_destroyEv
                0x0000000008008ef4       0x28 bn_palettes_manager.o
                0x0000000008008ef4                bn::sprite_palette_ptr::_destroy()
 .text._ZN2bn14bg_palette_ptraSERKS0_
                0x0000000008008f1c       0x5c bn_palettes_manager.o
                0x0000000008008f1c                bn::bg_palette_ptr::operator=(bn::bg_palette_ptr const&)
 .text.startup._GLOBAL__sub_I__ZN2bn11bg_palettes17used_colors_countEv
                0x0000000008008f78       0x20 bn_palettes_manager.o
 .text._ZNK2bn21sprite_affine_mat_ptr15horizontal_flipEv
                0x0000000008008f98       0x20 bn_sprite_affine_mats_manager.o
                0x0000000008008f98                bn::sprite_affine_mat_ptr::horizontal_flip() const
 .text._ZNK2bn21sprite_affine_mat_ptr13vertical_flipEv
                0x0000000008008fb8       0x20 bn_sprite_affine_mats_manager.o
                0x0000000008008fb8                bn::sprite_affine_mat_ptr::vertical_flip() const
 .text._ZNK2bn21sprite_affine_mat_ptr16flipped_identityEv
                0x0000000008008fd8       0x14 bn_sprite_affine_mats_manager.o
                0x0000000008008fd8                bn::sprite_affine_mat_ptr::flipped_identity() const
 .text._ZN2bn26sprite_affine_mats_manager13attach_spriteEiRNS_24intrusive_list_node_typeE
                0x0000000008008fec       0x2c bn_sprite_affine_mats_manager.o
                0x0000000008008fec                bn::sprite_affine_mats_manager::attach_sprite(int, bn::intrusive_list_node_type&)
 .text._ZN2bn26sprite_affine_mats_manager18sprite_double_sizeEi
                0x0000000008009018      0x104 bn_sprite_affine_mats_manager.o
                0x0000000008009018                bn::sprite_affine_mats_manager::sprite_double_size(int)
 .text._ZN2bn26sprite_affine_mats_manager20retrieve_commit_dataEv
                0x000000000800911c       0x44 bn_sprite_affine_mats_manager.o
                0x000000000800911c                bn::sprite_affine_mats_manager::retrieve_commit_data()
 .text._ZN3_bn6assert9show_argsIA37_cEEvPKcS4_S4_iRKT_
                0x0000000008009160       0x50 bn_sprite_affine_mats_manager.o
                0x0000000008009160                void _bn::assert::show_args<char [37]>(char const*, char const*, char const*, int, char const (&) [37])
 .text._ZN2bn26sprite_affine_mats_manager15decrease_usagesEi.part.0
                0x00000000080091b0       0x68 bn_sprite_affine_mats_manager.o
 .text._ZN2bn21sprite_affine_mat_ptr8_destroyEv
                0x0000000008009218       0x2c bn_sprite_affine_mats_manager.o
                0x0000000008009218                bn::sprite_affine_mat_ptr::_destroy()
 .text._ZN2bn26sprite_affine_mats_manager6updateEv
                0x0000000008009244       0xa0 bn_sprite_affine_mats_manager.o
                0x0000000008009244                bn::sprite_affine_mats_manager::update()
 .text._ZN2bn26sprite_affine_mats_manager4initEPv
                0x00000000080092e4       0x6c bn_sprite_affine_mats_manager.o
                0x00000000080092e4                bn::sprite_affine_mats_manager::init(void*)
 .text._ZN2bn26sprite_affine_mats_manager14dettach_spriteEiRNS_24intrusive_list_node_typeE
                0x0000000008009350       0x4c bn_sprite_affine_mats_manager.o
                0x0000000008009350                bn::sprite_affine_mats_manager::dettach_sprite(int, bn::intrusive_list_node_type&)
 .text.startup._GLOBAL__sub_I__ZN2bn18sprite_affine_mats10used_countEv
                0x000000000800939c       0x98 bn_sprite_affine_mats_manager.o
 .text.exit._GLOBAL__sub_D__ZN2bn18sprite_affine_mats10used_countEv
                0x0000000008009434       0x3c bn_sprite_affine_mats_manager.o
 .text._ZN2bn21sprite_text_generator5_initEv
                0x0000000008009470      0x1a8 bn_sprite_text_generator.o
                0x0000000008009470                bn::sprite_text_generator::_init()
 .text._ZN2bn21sprite_text_generatorC2ERKNS_11sprite_fontE
                0x0000000008009618       0x2c bn_sprite_text_generator.o
                0x0000000008009618                bn::sprite_text_generator::sprite_text_generator(bn::sprite_font const&)
                0x0000000008009618                bn::sprite_text_generator::sprite_text_generator(bn::sprite_font const&)
 .text._ZN3_bn6assert9show_argsIA54_cEEvPKcS4_S4_iRKT_
                0x0000000008009644       0x50 bn_sprite_text_generator.o
                0x0000000008009644                void _bn::assert::show_args<char [54]>(char const*, char const*, char const*, int, char const (&) [54])
 .text._ZN3_bn6assert9show_argsIJA25_ciA4_ctEEEvPKcS5_S5_iDpRKT_
                0x0000000008009694       0x6c bn_sprite_text_generator.o
                0x0000000008009694                void _bn::assert::show_args<char [25], int, char [4], unsigned short>(char const*, char const*, char const*, int, char const (&) [25], int const&, char const (&) [4], unsigned short const&)
 .text._ZN2bn14utf8_characterC2ERKc
                0x0000000008009700      0x144 bn_sprite_text_generator.o
                0x0000000008009700                bn::utf8_character::utf8_character(char const&)
                0x0000000008009700                bn::utf8_character::utf8_character(char const&)
 .text._ZN2bn12_GLOBAL__N_115_graphics_indexEcRKNS_23utf8_characters_map_refEPKcRi.part.0
                0x0000000008009844       0x8c bn_sprite_text_generator.o
 .text._ZN2bn21sprite_text_generator16set_palette_itemERKNS_19sprite_palette_itemE
                0x00000000080098d0       0x3c bn_sprite_text_generator.o
                0x00000000080098d0                bn::sprite_text_generator::set_palette_item(bn::sprite_palette_item const&)
 .text._ZN3_bn6assert9show_argsIJA20_ccA9_cN2bn11string_viewEA2_cEEEvPKcS8_S8_iDpRKT_
                0x000000000800990c       0x70 bn_sprite_text_generator.o
                0x000000000800990c                void _bn::assert::show_args<char [20], char, char [9], bn::string_view, char [2]>(char const*, char const*, char const*, int, char const (&) [20], char const&, char const (&) [9], bn::string_view const&, char const (&) [2])
 .text._ZNK2bn21sprite_text_generator5widthERKNS_11string_viewE
                0x000000000800997c      0x244 bn_sprite_text_generator.o
                0x000000000800997c                bn::sprite_text_generator::width(bn::string_view const&) const
 .text._ZN3_bn6assert9show_argsIA55_cEEvPKcS4_S4_iRKT_
                0x0000000008009bc0       0x50 bn_sprite_text_generator.o
                0x0000000008009bc0                void _bn::assert::show_args<char [55]>(char const*, char const*, char const*, int, char const (&) [55])
 .text._ZN2bn12_GLOBAL__N_120_build_sprite_assertILNS_11sprite_sizeE2EEEPNS_4tileERKNS_21sprite_text_generatorERKNS_18sprite_palette_ptrERKNS_11fixed_pointERNS_7ivectorINS_10sprite_ptrEEE
                0x0000000008009c10      0x1d4 bn_sprite_text_generator.o
 .text._ZN2bn12_GLOBAL__N_120_build_sprite_assertILNS_11sprite_sizeE1EEEPNS_4tileERKNS_21sprite_text_generatorERKNS_18sprite_palette_ptrERKNS_11fixed_pointERNS_7ivectorINS_10sprite_ptrEEE
                0x0000000008009de4      0x1d4 bn_sprite_text_generator.o
 .text._ZN2bn12_GLOBAL__N_19_generateILb0EEEbRKNS_21sprite_text_generatorERKNS_11fixed_pointERKNS_11string_viewERKNS_23utf8_characters_map_refEiibRNS_7ivectorINS_10sprite_ptrEEE.isra.0
                0x0000000008009fb8     0x126c bn_sprite_text_generator.o
 .text._ZNK2bn21sprite_text_generator8generateENS_7fixed_tILi12EEES2_RKNS_11string_viewERNS_7ivectorINS_10sprite_ptrEEE
                0x000000000800b224       0x3c bn_sprite_text_generator.o
                0x000000000800b224                bn::sprite_text_generator::generate(bn::fixed_t<12>, bn::fixed_t<12>, bn::string_view const&, bn::ivector<bn::sprite_ptr>&) const
 .text._ZNK2bn16sprite_tiles_ptr2idEv
                0x000000000800b260       0x18 bn_sprite_tiles_manager.o
                0x000000000800b260                bn::sprite_tiles_ptr::id() const
 .text._ZNK2bn16sprite_tiles_ptr11tiles_countEv
                0x000000000800b278       0x18 bn_sprite_tiles_manager.o
                0x000000000800b278                bn::sprite_tiles_ptr::tiles_count() const
 .text._ZN2bn20sprite_tiles_manager10log_statusEv
                0x000000000800b290      0x1f8 bn_sprite_tiles_manager.o
                0x000000000800b290                bn::sprite_tiles_manager::log_status()
 .text._ZN2bn20sprite_tiles_manager19commit_uncompressedEb
                0x000000000800b488       0xe0 bn_sprite_tiles_manager.o
                0x000000000800b488                bn::sprite_tiles_manager::commit_uncompressed(bool)
 .text._ZN2bn20sprite_tiles_manager17commit_compressedEv
                0x000000000800b568       0xe8 bn_sprite_tiles_manager.o
                0x000000000800b568                bn::sprite_tiles_manager::commit_compressed()
 .text._ZN3_bn6assert9show_argsIJA44_cPKN2bn4tileEA4_cS6_EEEvPKcS9_S9_iDpRKT_
                0x000000000800b650       0x6c bn_sprite_tiles_manager.o
                0x000000000800b650                void _bn::assert::show_args<char [44], bn::tile const*, char [4], bn::tile const*>(char const*, char const*, char const*, int, char const (&) [44], bn::tile const* const&, char const (&) [4], bn::tile const* const&)
 .text._ZN3_bn6assert9show_argsIJA46_ciA4_cjEEEvPKcS5_S5_iDpRKT_
                0x000000000800b6bc       0x6c bn_sprite_tiles_manager.o
                0x000000000800b6bc                void _bn::assert::show_args<char [46], int, char [4], unsigned int>(char const*, char const*, char const*, int, char const (&) [46], int const&, char const (&) [4], unsigned int const&)
 .text._ZN3_bn6assert9show_argsIJA28_cA15_cPKN2bn4tileEA16_ciA43_cNS4_11string_viewEEEEvPKcSC_SC_iDpRKT_
                0x000000000800b728       0x84 bn_sprite_tiles_manager.o
                0x000000000800b728                void _bn::assert::show_args<char [28], char [15], bn::tile const*, char [16], int, char [43], bn::string_view>(char const*, char const*, char const*, int, char const (&) [28], char const (&) [15], bn::tile const* const&, char const (&) [16], int const&, char const (&) [43], bn::string_view const&)
 .text._ZN3_bn6assert9show_argsIJA44_ciA43_cN2bn11string_viewEEEEvPKcS7_S7_iDpRKT_
                0x000000000800b7ac       0x68 bn_sprite_tiles_manager.o
                0x000000000800b7ac                void _bn::assert::show_args<char [44], int, char [43], bn::string_view>(char const*, char const*, char const*, int, char const (&) [44], int const&, char const (&) [43], bn::string_view const&)
 .text._ZN2bn20sprite_tiles_manager12_GLOBAL__N_116_erase_free_itemEi
                0x000000000800b814       0xe4 bn_sprite_tiles_manager.o
 .text._ZN2bn20sprite_tiles_manager12_GLOBAL__N_121_erase_to_commit_itemEiRNS1_9item_typeE
                0x000000000800b8f8      0x100 bn_sprite_tiles_manager.o
 .text._ZN2bn20sprite_tiles_manager15decrease_usagesEi
                0x000000000800b9f8      0x12c bn_sprite_tiles_manager.o
                0x000000000800b9f8                bn::sprite_tiles_manager::decrease_usages(int)
 .text._ZN2bn16sprite_tiles_ptr8_destroyEv
                0x000000000800bb24       0x10 bn_sprite_tiles_manager.o
                0x000000000800bb24                bn::sprite_tiles_ptr::_destroy()
 .text._ZN2bn20sprite_tiles_manager12_GLOBAL__N_122_insert_to_commit_itemEiRNS1_9item_typeE.part.0
                0x000000000800bb34       0x6c bn_sprite_tiles_manager.o
 .text._ZN2bn20sprite_tiles_manager12_GLOBAL__N_117_insert_free_itemEiPt
                0x000000000800bba0       0xd0 bn_sprite_tiles_manager.o
 .text._ZN2bn14iunordered_mapIPKNS_4tileEiNS_4hashIS3_EENS_8equal_toIS3_EEE5eraseERKNS8_14const_iteratorE.isra.0
                0x000000000800bc70      0x17c bn_sprite_tiles_manager.o
 .text._ZN2bn20sprite_tiles_manager12_GLOBAL__N_112_create_itemEiPKNS_4tileENS_16compression_typeEib
                0x000000000800bdec      0x2f8 bn_sprite_tiles_manager.o
 .text._ZN2bn20sprite_tiles_manager12_GLOBAL__N_114_allocate_implEi
                0x000000000800c0e4      0x104 bn_sprite_tiles_manager.o
 .text._ZN2bn20sprite_tiles_manager6updateEv
                0x000000000800c1e8      0x270 bn_sprite_tiles_manager.o
                0x000000000800c1e8                bn::sprite_tiles_manager::update()
 .text._ZN2bn20sprite_tiles_manager12_GLOBAL__N_112_create_implEPKNS_4tileENS_16compression_typeEi
                0x000000000800c458      0x20c bn_sprite_tiles_manager.o
 .text._ZN2bn20sprite_tiles_manager8allocateEiNS_8bpp_modeE
                0x000000000800c664       0xc4 bn_sprite_tiles_manager.o
                0x000000000800c664                bn::sprite_tiles_manager::allocate(int, bn::bpp_mode)
 .text._ZN2bn16sprite_tiles_ptr8allocateEiNS_8bpp_modeE
                0x000000000800c728       0x18 bn_sprite_tiles_manager.o
                0x000000000800c728                bn::sprite_tiles_ptr::allocate(int, bn::bpp_mode)
 .text._ZN2bn20sprite_tiles_manager4initEv
                0x000000000800c740      0x148 bn_sprite_tiles_manager.o
                0x000000000800c740                bn::sprite_tiles_manager::init()
 .text._ZN2bn20sprite_tiles_manager12_GLOBAL__N_110_find_implEPKNS_4tileENS_16compression_typeEi
                0x000000000800c888      0x270 bn_sprite_tiles_manager.o
 .text._ZN2bn20sprite_tiles_manager6createERKNS_4spanIKNS_4tileEEENS_16compression_typeE
                0x000000000800caf8      0x140 bn_sprite_tiles_manager.o
                0x000000000800caf8                bn::sprite_tiles_manager::create(bn::span<bn::tile const> const&, bn::compression_type)
 .text._ZN2bn16sprite_tiles_ptr6createERKNS_17sprite_tiles_itemEi
                0x000000000800cc38       0xe4 bn_sprite_tiles_manager.o
                0x000000000800cc38                bn::sprite_tiles_ptr::create(bn::sprite_tiles_item const&, int)
 .text._ZNK2bn17sprite_tiles_item12create_tilesEi
                0x000000000800cd1c       0xe4 bn_sprite_tiles_manager.o
                0x000000000800cd1c                bn::sprite_tiles_item::create_tiles(int) const
 .text._ZN2bn20sprite_tiles_manager4vramEi
                0x000000000800ce00       0x4c bn_sprite_tiles_manager.o
                0x000000000800ce00                bn::sprite_tiles_manager::vram(int)
 .text._ZN2bn16sprite_tiles_ptr4vramEv
                0x000000000800ce4c       0x14 bn_sprite_tiles_manager.o
                0x000000000800ce4c                bn::sprite_tiles_ptr::vram()
 .text.startup._GLOBAL__sub_I__ZN2bn12sprite_tiles16used_tiles_countEv
                0x000000000800ce60      0x12c bn_sprite_tiles_manager.o
 .text._ZN2bn15sprites_manager12_GLOBAL__N_125_update_indexes_to_commitERKNS_20sprites_manager_itemE
                0x000000000800cf8c       0x48 bn_sprites_manager.o
 .text._ZN2bn13ostringstream11append_argsIiJA4_ciEEEvRKT_DpRKT0_.isra.0
                0x000000000800cfd4       0x24 bn_sprites_manager.o
 .text._ZN2bn15sprites_manager12_GLOBAL__N_123_update_item_dimensionsERNS_20sprites_manager_itemE
                0x000000000800cff8       0xcc bn_sprites_manager.o
 .text._ZN2bn10sprite_ptr5set_yENS_7fixed_tILi12EEE
                0x000000000800d0c4       0x44 bn_sprites_manager.o
                0x000000000800d0c4                bn::sprite_ptr::set_y(bn::fixed_t<12>)
 .text._ZN2bn15sprites_manager4initEv
                0x000000000800d108       0x34 bn_sprites_manager.o
                0x000000000800d108                bn::sprites_manager::init()
 .text._ZN2bn15sprites_manager5hw_idEPv
                0x000000000800d13c       0x24 bn_sprites_manager.o
                0x000000000800d13c                bn::sprites_manager::hw_id(void*)
 .text._ZN2bn15sprites_manager5shapeEPv
                0x000000000800d160        0x8 bn_sprites_manager.o
                0x000000000800d160                bn::sprites_manager::shape(void*)
 .text._ZN2bn15sprites_manager4sizeEPv
                0x000000000800d168        0x8 bn_sprites_manager.o
                0x000000000800d168                bn::sprites_manager::size(void*)
 .text._ZN2bn15sprites_manager10shape_sizeEPv
                0x000000000800d170       0x14 bn_sprites_manager.o
                0x000000000800d170                bn::sprites_manager::shape_size(void*)
 .text._ZN2bn15sprites_manager11hw_positionEPv
                0x000000000800d184        0x4 bn_sprites_manager.o
                0x000000000800d184                bn::sprites_manager::hw_position(void*)
 .text._ZN2bn15sprites_manager9view_modeEPv
                0x000000000800d188        0xc bn_sprites_manager.o
                0x000000000800d188                bn::sprites_manager::view_mode(void*)
 .text._ZN2bn15sprites_manager10affine_matEPv
                0x000000000800d194        0x4 bn_sprites_manager.o
                0x000000000800d194                bn::sprites_manager::affine_mat(void*)
 .text._ZN2bn15sprites_manager39fill_hblank_effect_horizontal_positionsEPviPKNS_7fixed_tILi12EEEPt
                0x000000000800d198       0x44 bn_sprites_manager.o
                0x000000000800d198                bn::sprites_manager::fill_hblank_effect_horizontal_positions(void*, int, bn::fixed_t<12> const*, unsigned short*)
 .text._ZN2bn15sprites_manager37fill_hblank_effect_vertical_positionsEPviPKNS_7fixed_tILi12EEEPt
                0x000000000800d1dc       0x44 bn_sprites_manager.o
                0x000000000800d1dc                bn::sprites_manager::fill_hblank_effect_vertical_positions(void*, int, bn::fixed_t<12> const*, unsigned short*)
 .text._ZN2bn15sprites_manager35fill_hblank_effect_first_attributesEiNS_12sprite_shapeENS_8bpp_modeEiPKNS_23sprite_first_attributesEPt
                0x000000000800d220      0x108 bn_sprites_manager.o
                0x000000000800d220                bn::sprites_manager::fill_hblank_effect_first_attributes(int, bn::sprite_shape, bn::bpp_mode, int, bn::sprite_first_attributes const*, unsigned short*)
 .text._ZN2bn15sprites_manager44fill_hblank_effect_regular_second_attributesEPviNS_11sprite_sizeEPKNS_32sprite_regular_second_attributesEPt
                0x000000000800d328       0x60 bn_sprites_manager.o
                0x000000000800d328                bn::sprites_manager::fill_hblank_effect_regular_second_attributes(void*, int, bn::sprite_size, bn::sprite_regular_second_attributes const*, unsigned short*)
 .text._ZN2bn15sprites_manager43fill_hblank_effect_affine_second_attributesEPviNS_11sprite_sizeEPKNS_31sprite_affine_second_attributesEPt
                0x000000000800d388       0x58 bn_sprites_manager.o
                0x000000000800d388                bn::sprites_manager::fill_hblank_effect_affine_second_attributes(void*, int, bn::sprite_size, bn::sprite_affine_second_attributes const*, unsigned short*)
 .text._ZN2bn15sprites_manager14update_camerasEv
                0x000000000800d3e0       0x2c bn_sprites_manager.o
                0x000000000800d3e0                bn::sprites_manager::update_cameras()
 .text._ZN2bn15sprites_manager6commitEb
                0x000000000800d40c       0xb4 bn_sprites_manager.o
                0x000000000800d40c                bn::sprites_manager::commit(bool)
 .text._ZNK2bn17sprite_shape_size11tiles_countENS_8bpp_modeE
                0x000000000800d4c0      0x150 bn_sprites_manager.o
                0x000000000800d4c0                bn::sprite_shape_size::tiles_count(bn::bpp_mode) const
 .text._ZN2bn15sprites_manager12_GLOBAL__N_118_remove_affine_matERNS_20sprites_manager_itemE
                0x000000000800d610       0xd8 bn_sprites_manager.o
 .text._ZN2bn15sprites_manager40remove_identity_affine_mat_if_not_neededEPv
                0x000000000800d6e8       0x18 bn_sprites_manager.o
                0x000000000800d6e8                bn::sprites_manager::remove_identity_affine_mat_if_not_needed(void*)
 .text._ZN2bn14sprite_builder15release_paletteEv
                0x000000000800d700       0x54 bn_sprites_manager.o
                0x000000000800d700                bn::sprite_builder::release_palette()
 .text._ZN2bn14sprite_builder13release_tilesEv
                0x000000000800d754       0x54 bn_sprites_manager.o
                0x000000000800d754                bn::sprite_builder::release_tiles()
 .text._ZN2bn15sprites_manager7paletteEPv
                0x000000000800d7a8       0x34 bn_sprites_manager.o
                0x000000000800d7a8                bn::sprites_manager::palette(void*)
 .text._ZNK2bn20sprites_manager_item15new_double_sizeEi.part.0
                0x000000000800d7dc       0x2c bn_sprites_manager.o
 .text._ZN2bn20sprites_manager_item13_builder_initERKNS_14sprite_builderE
                0x000000000800d808      0x33c bn_sprites_manager.o
                0x000000000800d808                bn::sprites_manager_item::_builder_init(bn::sprite_builder const&)
 .text._ZN2bn14sprite_builder11set_z_orderEi
                0x000000000800db44       0x48 bn_sprites_manager.o
                0x000000000800db44                bn::sprite_builder::set_z_order(int)
 .text._ZN2bn14sprite_builderC2ERKNS_17sprite_shape_sizeENS_16sprite_tiles_ptrENS_18sprite_palette_ptrE
                0x000000000800db8c      0x118 bn_sprites_manager.o
                0x000000000800db8c                bn::sprite_builder::sprite_builder(bn::sprite_shape_size const&, bn::sprite_tiles_ptr, bn::sprite_palette_ptr)
                0x000000000800db8c                bn::sprite_builder::sprite_builder(bn::sprite_shape_size const&, bn::sprite_tiles_ptr, bn::sprite_palette_ptr)
 .text._ZN2bn14sprite_builder15set_bg_priorityEi
                0x000000000800dca4       0x38 bn_sprites_manager.o
                0x000000000800dca4                bn::sprite_builder::set_bg_priority(int)
 .text._ZN2bn15sprites_manager6updateEv
                0x000000000800dcdc      0x178 bn_sprites_manager.o
                0x000000000800dcdc                bn::sprites_manager::update()
 .text._ZN3_bn6assert9show_argsIJA27_ciA4_ciEEEvPKcS5_S5_iDpRKT_
                0x000000000800de54       0x5c bn_sprites_manager.o
                0x000000000800de54                void _bn::assert::show_args<char [27], int, char [4], int>(char const*, char const*, char const*, int, char const (&) [27], int const&, char const (&) [4], int const&)
 .text._ZN2bn15sprites_manager35fill_hblank_effect_third_attributesENS_17sprite_shape_sizeEPKNS_23sprite_third_attributesEPt
                0x000000000800deb0       0xb4 bn_sprites_manager.o
                0x000000000800deb0                bn::sprites_manager::fill_hblank_effect_third_attributes(bn::sprite_shape_size, bn::sprite_third_attributes const*, unsigned short*)
 .text._ZN2bn14sorted_sprites6sorter6insertERNS_20sprites_manager_itemE
                0x000000000800df64      0x170 bn_sprites_manager.o
                0x000000000800df64                bn::sorted_sprites::sorter::insert(bn::sprites_manager_item&)
 .text._ZN2bn15sprites_manager6createEONS_14sprite_builderE
                0x000000000800e0d4      0x158 bn_sprites_manager.o
                0x000000000800e0d4                bn::sprites_manager::create(bn::sprite_builder&&)
 .text._ZN2bn10sprite_ptr6createEONS_14sprite_builderE
                0x000000000800e22c       0x14 bn_sprites_manager.o
                0x000000000800e22c                bn::sprite_ptr::create(bn::sprite_builder&&)
 .text._ZN2bn15sprites_manager15decrease_usagesEPv.part.0
                0x000000000800e240      0x198 bn_sprites_manager.o
 .text._ZN2bn10sprite_ptr8_destroyEv
                0x000000000800e3d8       0x1c bn_sprites_manager.o
                0x000000000800e3d8                bn::sprite_ptr::_destroy()
 .text.startup._GLOBAL__sub_I__ZN2bn7sprites16used_items_countEv
                0x000000000800e3f4       0x9c bn_sprites_manager.o
 .text.exit._GLOBAL__sub_D__ZN2bn7sprites16used_items_countEv
                0x000000000800e490       0x4c bn_sprites_manager.o
 .text._ZN2bn13ostringstreamC2ERNS_12istring_baseE
                0x000000000800e4dc        0x8 bn_sstream.o
                0x000000000800e4dc                bn::ostringstream::ostringstream(bn::istring_base&)
                0x000000000800e4dc                bn::ostringstream::ostringstream(bn::istring_base&)
 .text._ZNK2bn13ostringstream4sizeEv
                0x000000000800e4e4        0x8 bn_sstream.o
                0x000000000800e4e4                bn::ostringstream::size() const
 .text._ZN2bn13ostringstream6appendEPKc
                0x000000000800e4ec       0x88 bn_sstream.o
                0x000000000800e4ec                bn::ostringstream::append(char const*)
 .text._ZN2bn13ostringstream6appendEi
                0x000000000800e574       0x9c bn_sstream.o
                0x000000000800e574                bn::ostringstream::append(int)
 .text._ZN2bn13ostringstream6appendERKNS_11string_viewE
                0x000000000800e610       0x94 bn_sstream.o
                0x000000000800e610                bn::ostringstream::append(bn::string_view const&)
 .text._ZN2bn13ostringstream6appendEj
                0x000000000800e6a4       0x9c bn_sstream.o
                0x000000000800e6a4                bn::ostringstream::append(unsigned int)
 .text._ZN2bn13ostringstream6appendEPKv
                0x000000000800e740       0xe8 bn_sstream.o
                0x000000000800e740                bn::ostringstream::append(void const*)
 .text._ZN2bn13ostringstream6appendEc
                0x000000000800e828       0x44 bn_sstream.o
                0x000000000800e828                bn::ostringstream::append(char)
 .text._ZN2bn5timerC2Ev
                0x000000000800e86c       0x18 bn_timer.o
                0x000000000800e86c                bn::timer::timer()
                0x000000000800e86c                bn::timer::timer()
 .text._ZNK2bn5timer13elapsed_ticksEv
                0x000000000800e884       0x38 bn_timer.o
                0x000000000800e884                bn::timer::elapsed_ticks() const
 .text._ZN2bn5timer7restartEv
                0x000000000800e8bc       0x18 bn_timer.o
                0x000000000800e8bc                bn::timer::restart()
 .text._ZN2bn2hw5audio12_GLOBAL__N_124_disabled_vblank_handlerEv
                0x000000000800e8d4       0x20 bn_hw_audio.bn_noflto.o
 .text._ZN2bn2hw5audio12_GLOBAL__N_17_commitEv
                0x000000000800e8f4       0x7c bn_hw_audio.bn_noflto.o
 .text._ZN2bn2hw5audio12_GLOBAL__N_123_enabled_vblank_handlerEv
                0x000000000800e970       0x2c bn_hw_audio.bn_noflto.o
 .text._ZN2bn2hw5audio4initEPFvvES3_
                0x000000000800e99c       0x74 bn_hw_audio.bn_noflto.o
                0x000000000800e99c                bn::hw::audio::init(void (*)(), void (*)())
 .text._ZN2bn2hw5audio7disableEv
                0x000000000800ea10       0x34 bn_hw_audio.bn_noflto.o
                0x000000000800ea10                bn::hw::audio::disable()
 .text._ZN2bn2hw5audio13music_playingEv
                0x000000000800ea44       0x10 bn_hw_audio.bn_noflto.o
                0x000000000800ea44                bn::hw::audio::music_playing()
 .text._ZN2bn2hw5audio10play_musicEiib
                0x000000000800ea54       0x2c bn_hw_audio.bn_noflto.o
                0x000000000800ea54                bn::hw::audio::play_music(int, int, bool)
 .text._ZN2bn2hw5audio10stop_musicEv
                0x000000000800ea80        0xc bn_hw_audio.bn_noflto.o
                0x000000000800ea80                bn::hw::audio::stop_music()
 .text._ZN2bn2hw5audio11pause_musicEv
                0x000000000800ea8c        0xc bn_hw_audio.bn_noflto.o
                0x000000000800ea8c                bn::hw::audio::pause_music()
 .text._ZN2bn2hw5audio12resume_musicEv
                0x000000000800ea98        0xc bn_hw_audio.bn_noflto.o
                0x000000000800ea98                bn::hw::audio::resume_music()
 .text._ZN2bn2hw5audio14music_positionEv
                0x000000000800eaa4        0xc bn_hw_audio.bn_noflto.o
                0x000000000800eaa4                bn::hw::audio::music_position()
 .text._ZN2bn2hw5audio18set_music_positionEi
                0x000000000800eab0        0xc bn_hw_audio.bn_noflto.o
                0x000000000800eab0                bn::hw::audio::set_music_position(int)
 .text._ZN2bn2hw5audio16set_music_volumeEi
                0x000000000800eabc        0xc bn_hw_audio.bn_noflto.o
                0x000000000800eabc                bn::hw::audio::set_music_volume(int)
 .text._ZN2bn2hw5audio22disable_vblank_handlerEv
                0x000000000800eac8       0x14 bn_hw_audio.bn_noflto.o
                0x000000000800eac8                bn::hw::audio::disable_vblank_handler()
 .text._ZN2bn2hw5audio6commitEv
                0x000000000800eadc       0x20 bn_hw_audio.bn_noflto.o
                0x000000000800eadc                bn::hw::audio::commit()
 .text._ZN2bn2hw5audio12_GLOBAL__N_119_add_sound_to_queueEit
                0x000000000800eafc       0xa0 bn_hw_audio.bn_noflto.o
 .text._ZN2bn2hw5audio15stop_all_soundsEv
                0x000000000800eb9c       0x6c bn_hw_audio.bn_noflto.o
                0x000000000800eb9c                bn::hw::audio::stop_all_sounds()
 .text._ZN2bn2hw5audio12_GLOBAL__N_119_check_sounds_queueEv.part.0
                0x000000000800ec08       0x9c bn_hw_audio.bn_noflto.o
 .text._ZN2bn2hw5audio10play_soundEiiiii
                0x000000000800eca4       0x44 bn_hw_audio.bn_noflto.o
                0x000000000800eca4                bn::hw::audio::play_sound(int, int, int, int, int)
 .text._ZN2bn2hw5audio10play_soundEii
                0x000000000800ece8       0x30 bn_hw_audio.bn_noflto.o
                0x000000000800ece8                bn::hw::audio::play_sound(int, int)
 .text._ZN2bn2hw5audio6updateEb
                0x000000000800ed18       0xa4 bn_hw_audio.bn_noflto.o
                0x000000000800ed18                bn::hw::audio::update(bool)
 .text.startup._GLOBAL__sub_I__ZN2bn2hw5audio4initEPFvvES3_
                0x000000000800edbc       0x34 bn_hw_audio.bn_noflto.o
 .text.exit._GLOBAL__sub_D__ZN2bn2hw5audio4initEPFvvES3_
                0x000000000800edf0       0x74 bn_hw_audio.bn_noflto.o
 .text._ZN3_bn6assert9show_argsIA40_cEEvPKcS4_S4_iRKT_
                0x000000000800ee64       0x50 bn_hw_common.bn_noflto.o
                0x000000000800ee64                void _bn::assert::show_args<char [40]>(char const*, char const*, char const*, int, char const (&) [40])
 .text.__aeabi_idiv0
                0x000000000800eeb4       0x24 bn_hw_common.bn_noflto.o
                0x000000000800eeb4                __aeabi_idiv0
 .text._ZN2bn2hw8game_pak14_slow_game_pakEv
                0x000000000800eed8       0x88 bn_hw_game_pak.bn_ewram.o
                0x000000000800eed8                bn::hw::game_pak::_slow_game_pak()
 .text._ZN2bn2hw8game_pak4initEv
                0x000000000800ef60       0x28 bn_hw_game_pak.o
                0x000000000800ef60                bn::hw::game_pak::init()
 .text._ZN2bn2hw3irq4initEv
                0x000000000800ef88        0xc bn_hw_irq.o
                0x000000000800ef88                bn::hw::irq::init()
 .text._ZN2bn2hw3irq7set_isrENS1_2idEPFvvE
                0x000000000800ef94       0x10 bn_hw_irq.o
                0x000000000800ef94                bn::hw::irq::set_isr(bn::hw::irq::id, void (*)())
 .text._ZN2bn2hw3irq6enableENS1_2idE
                0x000000000800efa4       0x10 bn_hw_irq.o
                0x000000000800efa4                bn::hw::irq::enable(bn::hw::irq::id)
 .text._ZN2bn2hw3irq7disableENS1_2idE
                0x000000000800efb4       0x10 bn_hw_irq.o
                0x000000000800efb4                bn::hw::irq::disable(bn::hw::irq::id)
 .text._ZN2bn2hw4link12_GLOBAL__N_119_resetStateCallbackEv
                0x000000000800efc4       0x4c bn_hw_link.o
 .text._ZN2bn2hw4link4initEv
                0x000000000800f010       0xc0 bn_hw_link.o
                0x000000000800f010                bn::hw::link::init()
 .text._ZN2bn2hw4link6activeEv
                0x000000000800f0d0       0x10 bn_hw_link.o
                0x000000000800f0d0                bn::hw::link::active()
 .text._ZN2bn2hw4link7disableEv
                0x000000000800f0e0       0x6c bn_hw_link.o
                0x000000000800f0e0                bn::hw::link::disable()
 .text._ZN2bn2hw4link6commitEv
                0x000000000800f14c       0x30 bn_hw_link.o
                0x000000000800f14c                bn::hw::link::commit()
 .text._ZN2bn2hw4link11_timer_intrEv
                0x000000000800f17c       0xf8 bn_hw_link.o
                0x000000000800f17c                bn::hw::link::_timer_intr()
 .text._ZN2bn2hw4link12_serial_intrEv
                0x000000000800f274      0x1bc bn_hw_link.o
                0x000000000800f274                bn::hw::link::_serial_intr()
 .text._ZN2bn2hw4link12_GLOBAL__N_117_sendDataCallbackEv
                0x000000000800f430       0xe0 bn_hw_link.o
 .text._ZN2bn2hw4link12_GLOBAL__N_124_receiveResponseCallbackERK12LinkResponse
                0x000000000800f510      0x158 bn_hw_link.o
 .text.startup._GLOBAL__sub_I__ZN2bn2hw4link4initEv
                0x000000000800f668       0x68 bn_hw_link.o
 .text._ZN2bn2hw3logERKNS_12istring_baseE
                0x000000000800f6d0       0x58 bn_hw_log.o
                0x000000000800f6d0                bn::hw::log(bn::istring_base const&)
 .text._ZN2bn2hw6memory4initEv
                0x000000000800f728        0x4 bn_hw_memory.o
                0x000000000800f728                bn::hw::memory::init()
 .text._ZN2bn2hw6memory16ewram_heap_startEv
                0x000000000800f72c        0x8 bn_hw_memory.o
                0x000000000800f72c                bn::hw::memory::ewram_heap_start()
 .text._ZN2bn2hw6memory14ewram_heap_endEv
                0x000000000800f734        0x8 bn_hw_memory.o
                0x000000000800f734                bn::hw::memory::ewram_heap_end()
 .text._ZN2bn2hw8palettes12_GLOBAL__N_110lut_effectEPKNS_5colorEPKhiPS3_
                0x000000000800f73c       0x40 bn_hw_palettes.o
 .text._ZN2bn2hw8palettes10brightnessEPKNS_5colorEiiPS2_
                0x000000000800f77c       0x54 bn_hw_palettes.o
                0x000000000800f77c                bn::hw::palettes::brightness(bn::color const*, int, int, bn::color*)
 .text._ZN2bn2hw8palettes8contrastEPKNS_5colorEiiPS2_
                0x000000000800f7d0       0x18 bn_hw_palettes.o
                0x000000000800f7d0                bn::hw::palettes::contrast(bn::color const*, int, int, bn::color*)
 .text._ZN2bn2hw8palettes9intensityEPKNS_5colorEiiPS2_
                0x000000000800f7e8       0x18 bn_hw_palettes.o
                0x000000000800f7e8                bn::hw::palettes::intensity(bn::color const*, int, int, bn::color*)
 .text._ZN2bn2hw8palettes9hue_shiftEPKNS_5colorEiiPS2_
                0x000000000800f800      0x154 bn_hw_palettes.o
                0x000000000800f800                bn::hw::palettes::hue_shift(bn::color const*, int, int, bn::color*)
 .text._ZN2bn2hw8palettes6rotateEPKNS_5colorEiiPS2_
                0x000000000800f954       0x2c bn_hw_palettes.o
                0x000000000800f954                bn::hw::palettes::rotate(bn::color const*, int, int, bn::color*)
 .text._ZN2bn2hw4show5errorERKNS_11system_fontERKNS_11string_viewES7_S7_iS7_S7_
                0x000000000800f980      0x320 bn_hw_show.o
                0x000000000800f980                bn::hw::show::error(bn::system_font const&, bn::string_view const&, bn::string_view const&, bn::string_view const&, int, bn::string_view const&, bn::string_view const&)
 .text._ZN2bn2hw12sprite_tiles10plot_tilesEiPKNS_4tileEiiiPS2_
                0x000000000800fca0       0x70 bn_hw_sprite_tiles.o
                0x000000000800fca0                bn::hw::sprite_tiles::plot_tiles(int, bn::tile const*, int, int, int, bn::tile*)
 .text._ZN2bn2hw4sram4initEv
                0x000000000800fd10       0x10 bn_hw_sram.o
                0x000000000800fd10                bn::hw::sram::init()
 .text._ZN2bn11system_fontC2Ev
                0x000000000800fd20       0x18 bn_hw_system_font.o
                0x000000000800fd20                bn::system_font::system_font()
                0x000000000800fd20                bn::system_font::system_font()
 .text._ZNK2bn11system_font8tte_fontEv
                0x000000000800fd38        0x4 bn_hw_system_font.o
                0x000000000800fd38                bn::system_font::tte_font() const
 .text._ZN2bn2hw4text5parseEiRNS_5arrayIcLi32EEE
                0x000000000800fd3c       0xbc bn_hw_text.o
                0x000000000800fd3c                bn::hw::text::parse(int, bn::array<char, 32>&)
 .text._ZN2bn2hw4text5parseEjRNS_5arrayIcLi32EEE
                0x000000000800fdf8       0xa0 bn_hw_text.o
                0x000000000800fdf8                bn::hw::text::parse(unsigned int, bn::array<char, 32>&)
 .text._ZN2bn2hw4text5parseEPKvRNS_5arrayIcLi32EEE
                0x000000000800fe98       0x30 bn_hw_text.o
                0x000000000800fe98                bn::hw::text::parse(void const*, bn::array<char, 32>&)
 .text.clr_grayscale
                0x000000000800fec8       0x78 tonc_color.o
                0x000000000800fec8                clr_grayscale
 .text.__toncset
                0x000000000800ff40       0x90 tonc_core.o
                0x000000000800ff40                __toncset
 .text.sbmp16_rect
                0x000000000800ffd0       0x64 tonc_sbmp16.o
                0x000000000800ffd0                sbmp16_rect
 .text.sbmp8_rect
                0x0000000008010034       0x68 tonc_sbmp8.o
                0x0000000008010034                sbmp8_rect
 .text.bmp16_drawg_b1cts
                0x000000000801009c       0xb4 bmp16_drawg_b1cs.o
                0x000000000801009c                bmp16_drawg_b1cts
 .text.bmp8_drawg_b1cts
                0x0000000008010150       0xfc bmp8_drawg_b1cs.o
                0x0000000008010150                bmp8_drawg_b1cts
 .text.bmp8_erase
                0x000000000801024c       0x28 tte_init_bmp.o
                0x000000000801024c                bmp8_erase
 .text.bmp16_erase
                0x0000000008010274       0x28 tte_init_bmp.o
                0x0000000008010274                bmp16_erase
 .text.tte_init_bmp
                0x000000000801029c       0xe4 tte_init_bmp.o
                0x000000000801029c                tte_init_bmp
 .text.dummy_drawg
                0x0000000008010380        0x4 tte_main.o
                0x0000000008010380                dummy_drawg
 .text.dummy_erase
                0x0000000008010384        0x4 tte_main.o
                0x0000000008010384                dummy_erase
 .text.tte_init_base
                0x0000000008010388       0x90 tte_main.o
                0x0000000008010388                tte_init_base
 .text.utf8_decode_char
                0x0000000008010418       0xb4 tte_main.o
                0x0000000008010418                utf8_decode_char
 .text.tte_write
                0x00000000080104cc       0xe8 tte_main.o
                0x00000000080104cc                tte_write
 .text.tte_get_text_size
                0x00000000080105b4       0xb0 tte_main.o
                0x00000000080105b4                tte_get_text_size
 .text.tte_set_margins
                0x0000000008010664       0x18 tte_main.o
                0x0000000008010664                tte_set_margins
 .text.IRQ_Init
                0x000000000801067c       0x48 interrupts_gba.o
                0x000000000801067c                IRQ_Init
 .text.IRQ_SetHandler
                0x00000000080106c4       0x10 interrupts_gba.o
                0x00000000080106c4                IRQ_SetHandler
 .text.IRQ_Enable
                0x00000000080106d4       0x64 interrupts_gba.o
                0x00000000080106d4                IRQ_Enable
 .text.IRQ_Disable
                0x0000000008010738       0x60 interrupts_gba.o
                0x0000000008010738                IRQ_Disable
 .text.channel3_refresh_registers
                0x0000000008010798       0xd0 gbt_player.o
 .text.gbt_refresh_pattern_ptr
                0x0000000008010868       0x84 gbt_player.o
 .text.gbt_ch1234_nop
                0x00000000080108ec        0x4 gbt_player.o
 .text.gbt_ch1234_speed
                0x00000000080108f0       0x10 gbt_player.o
 .text.gbt_ch1234_jump_pattern
                0x0000000008010900       0x14 gbt_player.o
 .text.gbt_ch1234_jump_position
                0x0000000008010914       0x1c gbt_player.o
 .text.gbt_ch1234_event
                0x0000000008010930       0x24 gbt_player.o
 .text.gbt_ch1_pan
                0x0000000008010954       0x10 gbt_player.o
 .text.gbt_ch1_cut_note
                0x0000000008010964       0x10 gbt_player.o
 .text.gbt_ch1_arpeggio
                0x0000000008010974       0x34 gbt_player.o
 .text.gbt_ch1_vibrato
                0x00000000080109a8       0x20 gbt_player.o
 .text.gbt_ch1_volslide
                0x00000000080109c8       0x10 gbt_player.o
 .text.gbt_ch2_pan
                0x00000000080109d8       0x10 gbt_player.o
 .text.gbt_ch2_cut_note
                0x00000000080109e8       0x10 gbt_player.o
 .text.gbt_ch2_arpeggio
                0x00000000080109f8       0x34 gbt_player.o
 .text.gbt_ch2_vibrato
                0x0000000008010a2c       0x20 gbt_player.o
 .text.gbt_ch2_volslide
                0x0000000008010a4c       0x10 gbt_player.o
 .text.gbt_ch3_pan
                0x0000000008010a5c       0x10 gbt_player.o
 .text.gbt_ch3_cut_note
                0x0000000008010a6c       0x10 gbt_player.o
 .text.gbt_ch3_arpeggio
                0x0000000008010a7c       0x34 gbt_player.o
 .text.gbt_ch3_vibrato
                0x0000000008010ab0       0x20 gbt_player.o
 .text.gbt_ch4_pan
                0x0000000008010ad0       0x14 gbt_player.o
 .text.gbt_ch4_cut_note
                0x0000000008010ae4       0x10 gbt_player.o
 .text.gbt_ch4_volslide
                0x0000000008010af4       0x10 gbt_player.o
 .text.gbt_update_refresh_panning
                0x0000000008010b04       0x50 gbt_player.o
 .text.gbt_run_startup_commands.part.0
                0x0000000008010b54       0xd0 gbt_player.o
 .text.gbt_update_effects_internal
                0x0000000008010c24      0x2cc gbt_player.o
 .text.gbt_play
                0x0000000008010ef0      0x1dc gbt_player.o
                0x0000000008010ef0                gbt_play
 .text.gbt_volume
                0x00000000080110cc       0x68 gbt_player.o
                0x00000000080110cc                gbt_volume
 .text.gbt_is_playing
                0x0000000008011134        0xc gbt_player.o
                0x0000000008011134                gbt_is_playing
 .text.gbt_pause
                0x0000000008011140       0x48 gbt_player.o
                0x0000000008011140                gbt_pause
 .text.gbt_loop
                0x0000000008011188        0xc gbt_player.o
                0x0000000008011188                gbt_loop
 .text.gbt_stop
                0x0000000008011194       0x24 gbt_player.o
                0x0000000008011194                gbt_stop
 .text.gbt_update
                0x00000000080111b8      0x678 gbt_player.o
                0x00000000080111b8                gbt_update
 .text.gbt_get_position
                0x0000000008011830       0x4c gbt_player.o
                0x0000000008011830                gbt_get_position
 .text.gbt_set_position
                0x000000000801187c       0xe0 gbt_player.o
                0x000000000801187c                gbt_set_position
 .text          0x000000000801195c       0x8c tonc_bios.o
                0x000000000801195c                SoftReset
                0x0000000008011960                RegisterRamReset
                0x0000000008011964                Halt
                0x0000000008011968                Stop
                0x000000000801196c                IntrWait